[02-10 03:09:09][INFO] 开始检查兑换码 devnote2025dscollab 是否有效
[02-10 03:09:09][INFO] 兑换码 devnote2025dscollab 已存在于 Reward.csv 文件中
[02-10 03:09:09][INFO] 开始检查兑换码 24best4th 是否有效
[02-10 03:09:21][INFO] 兑换码 24best4th 格式有效
[02-10 03:09:21][INFO] 开始检查兑换码 ready4swc23 是否有效
[02-10 03:09:27][INFO] 兑换码 ready4swc23 格式有效
[02-10 03:09:27][INFO] 开始检查兑换码 swgenesis284ac 是否有效
[02-10 03:09:37][INFO] 兑换码 swgenesis284ac 格式有效
[02-10 03:09:37][INFO] 开始检查兑换码 tunianzhaohuan 是否有效
[02-10 03:09:42][INFO] 兑换码 tunianzhaohuan 格式有效
[02-10 03:09:42][INFO] 开始检查兑换码 sw2023fev2u 是否有效
[02-10 03:09:50][INFO] 兑换码 sw2023fev2u 格式有效
[02-10 03:09:50][INFO] 开始检查兑换码 happy2023 是否有效
[02-10 03:09:58][INFO] 兑换码 happy2023 格式有效
[02-10 03:09:58][INFO] 开始检查兑换码 merrysamana 是否有效
[02-10 03:10:05][INFO] 兑换码 merrysamana 格式有效
[02-10 03:10:05][INFO] 开始检查兑换码 lastlt23of2022 是否有效
[02-10 03:10:09][INFO] 兑换码 lastlt23of2022 格式有效
[02-10 03:10:09][INFO] 数据已成功写入 Reward_swq.json
[02-10 03:56:07][INFO] 开始检查兑换码 swxdshappy25 是否有效
[02-10 03:56:07][INFO] 兑换码 swxdshappy25 已存在于 Reward.csv 文件中
[02-10 03:56:07][INFO] 开始检查兑换码 sw2025jan6a8 是否有效
[02-10 03:56:07][INFO] 兑换码 sw2025jan6a8 已存在于 Reward.csv 文件中
[02-10 03:56:07][INFO] 开始检查兑换码 cusoonlt25 是否有效
[02-10 03:56:16][INFO] 兑换码 cusoonlt25 格式有效
[02-10 03:56:16][INFO] 开始检查兑换码 march2023 是否有效
[02-10 03:56:22][INFO] 兑换码 march2023 格式有效
[02-10 03:56:22][INFO] 开始检查兑换码 happyvalentine23 是否有效
[02-10 03:56:27][INFO] 兑换码 happyvalentine23 格式有效
[02-10 03:56:27][INFO] 开始检查兑换码 sw2023mrp4m 是否有效
[02-10 03:56:35][INFO] 兑换码 sw2023mrp4m 格式有效
[02-10 03:56:35][INFO] 开始检查兑换码 sw2023jae6s 是否有效
[02-10 03:56:41][INFO] 兑换码 sw2023jae6s 格式有效
[02-10 03:56:41][INFO] 开始检查兑换码 lucky777 是否有效
[02-10 03:56:45][INFO] 兑换码 lucky777 格式有效
[02-10 03:56:45][INFO] 开始检查兑换码 s24cunextyear 是否有效
[02-10 03:56:51][INFO] 兑换码 s24cunextyear 格式有效
[02-10 03:56:51][INFO] 开始检查兑换码 marionnettiste 是否有效
[02-10 03:57:07][INFO] 兑换码 marionnettiste 格式有效
[02-10 03:57:07][INFO] 数据已成功写入 Reward_swq.json
[02-10 04:25:04][INFO] 开始检查兑换码 swxdshappy25 是否有效
[02-10 04:25:04][INFO] 兑换码 swxdshappy25 已存在于 Reward.csv 文件中
[02-10 04:25:04][INFO] 开始检查兑换码 sw2024decs9q 是否有效
[02-10 04:25:04][INFO] 兑换码 sw2024decs9q 已存在于 Reward.csv 文件中
[02-10 04:25:04][INFO] 开始检查兑换码 ready4swc23 是否有效
[02-10 04:25:08][INFO] 兑换码 ready4swc23 格式有效
[02-10 04:25:09][INFO] 开始检查兑换码 swgenesis284ac 是否有效
[02-10 04:25:12][INFO] 兑换码 swgenesis284ac 格式有效
[02-10 04:25:12][INFO] 开始检查兑换码 tunianzhaohuan 是否有效
[02-10 04:25:22][INFO] 兑换码 tunianzhaohuan 格式有效
[02-10 04:25:22][INFO] 开始检查兑换码 sw2023fev2u 是否有效
[02-10 04:25:33][INFO] 兑换码 sw2023fev2u 格式有效
[02-10 04:25:33][INFO] 开始检查兑换码 happy2023 是否有效
[02-10 04:25:40][INFO] 兑换码 happy2023 格式有效
[02-10 04:25:40][INFO] 开始检查兑换码 merrysamana 是否有效
[02-10 04:25:55][INFO] 兑换码 merrysamana 格式有效
[02-10 04:25:55][INFO] 开始检查兑换码 lastlt23of2022 是否有效
[02-10 04:26:01][INFO] 兑换码 lastlt23of2022 格式有效
[02-10 04:26:01][INFO] 数据已成功写入 Reward_swq.json
[02-10 04:27:00][INFO] 开始检查兑换码 swxdshappy25 是否有效
[02-10 04:27:00][INFO] 兑换码 swxdshappy25 已存在于 Reward.csv 文件中
[02-10 04:27:00][INFO] 开始检查兑换码 sw2024decs9q 是否有效
[02-10 04:27:00][INFO] 兑换码 sw2024decs9q 已存在于 Reward.csv 文件中
[02-10 04:27:00][INFO] 开始检查兑换码 ready4swc23 是否有效
[02-10 04:27:10][INFO] 兑换码 ready4swc23 格式有效
[02-10 04:27:10][INFO] 开始检查兑换码 march2023 是否有效
[02-10 04:27:25][INFO] 兑换码 march2023 格式有效
[02-10 04:27:25][INFO] 开始检查兑换码 happyvalentine23 是否有效
[02-10 04:27:35][INFO] 兑换码 happyvalentine23 格式有效
[02-10 04:27:35][INFO] 开始检查兑换码 sw2023mrp4m 是否有效
[02-10 04:27:48][INFO] 兑换码 sw2023mrp4m 格式有效
[02-10 04:27:48][INFO] 开始检查兑换码 sw2023jae6s 是否有效
[02-10 04:27:55][INFO] 兑换码 sw2023jae6s 格式有效
[02-10 04:27:55][INFO] 开始检查兑换码 lucky777 是否有效
[02-10 04:28:01][INFO] 兑换码 lucky777 格式有效
[02-10 04:28:01][INFO] 开始检查兑换码 s24cunextyear 是否有效
[02-10 04:28:07][INFO] 兑换码 s24cunextyear 格式有效
[02-10 04:28:07][INFO] 开始检查兑换码 marionnettiste 是否有效
[02-10 04:28:15][INFO] 兑换码 marionnettiste 格式有效
[02-10 04:28:15][INFO] 数据已成功写入 Reward_swq.json
[02-10 04:29:33][INFO] 开始检查兑换码 swxdshappy25 是否有效
[02-10 04:29:33][INFO] 兑换码 swxdshappy25 已存在于 Reward.csv 文件中
[02-10 04:29:33][INFO] 开始检查兑换码 sw2024decs9q 是否有效
[02-10 04:29:33][INFO] 兑换码 sw2024decs9q 已存在于 Reward.csv 文件中
[02-10 04:29:33][INFO] 开始检查兑换码 march2023 是否有效
[02-10 04:29:44][INFO] 兑换码 march2023 格式有效
[02-10 04:29:44][INFO] 开始检查兑换码 swgenesis284ac 是否有效
[02-10 04:29:56][INFO] 兑换码 swgenesis284ac 格式有效
[02-10 04:29:56][INFO] 开始检查兑换码 tunianzhaohuan 是否有效
[02-10 04:30:10][INFO] 兑换码 tunianzhaohuan 格式有效
[02-10 04:30:10][INFO] 开始检查兑换码 sw2023fev2u 是否有效
[02-10 04:30:19][INFO] 兑换码 sw2023fev2u 格式有效
[02-10 04:30:19][INFO] 开始检查兑换码 happy2023 是否有效
[02-10 04:30:25][INFO] 兑换码 happy2023 格式有效
[02-10 04:30:25][INFO] 开始检查兑换码 merrysamana 是否有效
[02-10 04:30:34][INFO] 兑换码 merrysamana 格式有效
[02-10 04:30:34][INFO] 开始检查兑换码 lastlt23of2022 是否有效
[02-10 04:30:41][INFO] 兑换码 lastlt23of2022 格式有效
[02-10 04:30:41][INFO] 数据已成功写入 Reward_swq.json
[02-10 04:33:27][INFO] 开始检查兑换码 swxdshappy25 是否有效
[02-10 04:33:27][INFO] 兑换码 swxdshappy25 已存在于 Reward.csv 文件中
[02-10 04:33:27][INFO] 开始检查兑换码 sw2024decs9q 是否有效
[02-10 04:33:27][INFO] 兑换码 sw2024decs9q 已存在于 Reward.csv 文件中
[02-10 04:33:27][INFO] 开始检查兑换码 ready4swc23 是否有效
[02-10 04:33:37][INFO] 兑换码 ready4swc23 格式有效
[02-10 04:33:37][INFO] 开始检查兑换码 swgenesis284ac 是否有效
[02-10 04:33:43][INFO] 兑换码 swgenesis284ac 格式有效
[02-10 04:33:43][INFO] 开始检查兑换码 happyvalentine23 是否有效
[02-10 04:33:58][INFO] 兑换码 happyvalentine23 格式有效
[02-10 04:33:58][INFO] 开始检查兑换码 sw2023mrp4m 是否有效
[02-10 04:34:04][INFO] 兑换码 sw2023mrp4m 格式有效
[02-10 04:34:04][INFO] 开始检查兑换码 sw2023jae6s 是否有效
[02-10 04:34:17][INFO] 兑换码 sw2023jae6s 格式有效
[02-10 04:34:17][INFO] 开始检查兑换码 lucky777 是否有效
[02-10 04:34:21][INFO] 开始检查兑换码 swxdshappy25 是否有效
[02-10 04:34:21][INFO] 兑换码 swxdshappy25 已存在于 Reward.csv 文件中
[02-10 04:34:21][INFO] 开始检查兑换码 sw2024decs9q 是否有效
[02-10 04:34:21][INFO] 兑换码 sw2024decs9q 已存在于 Reward.csv 文件中
[02-10 04:34:21][INFO] 开始检查兑换码 ready4swc23 是否有效
[02-10 04:35:21][INFO] 开始检查兑换码 swxdshappy25 是否有效
[02-10 04:35:21][INFO] 兑换码 swxdshappy25 已存在于 Reward.csv 文件中
[02-10 04:35:21][INFO] 开始检查兑换码 sw2024decs9q 是否有效
[02-10 04:35:21][INFO] 兑换码 sw2024decs9q 已存在于 Reward.csv 文件中
[02-10 04:35:21][INFO] 开始检查兑换码 ready4swc23 是否有效
[02-10 04:38:30][INFO] 开始检查兑换码 swxdshappy25 是否有效
[02-10 04:38:30][INFO] 兑换码 swxdshappy25 已存在于 Reward.csv 文件中
[02-10 04:38:30][INFO] 开始检查兑换码 sw2024decs9q 是否有效
[02-10 04:38:30][INFO] 兑换码 sw2024decs9q 已存在于 Reward.csv 文件中
[02-10 04:38:30][INFO] 开始检查兑换码 ready4swc23 是否有效
[02-10 04:38:44][INFO] 兑换码 ready4swc23 格式有效
[02-10 04:38:44][INFO] 开始检查兑换码 swgenesis284ac 是否有效
[02-10 04:39:23][INFO] 开始检查兑换码 swxdshappy25 是否有效
[02-10 04:39:23][INFO] 兑换码 swxdshappy25 已存在于 Reward.csv 文件中
[02-10 04:39:23][INFO] 开始检查兑换码 sw2024decs9q 是否有效
[02-10 04:39:23][INFO] 兑换码 sw2024decs9q 已存在于 Reward.csv 文件中
[02-10 04:39:23][INFO] 开始检查兑换码 ready4swc23 是否有效
[02-10 04:39:38][INFO] 兑换码 ready4swc23 格式有效
[02-10 04:39:38][INFO] 开始检查兑换码 swgenesis284ac 是否有效
[02-10 04:39:44][INFO] 兑换码 swgenesis284ac 格式有效
[02-10 04:39:44][INFO] 开始检查兑换码 happyvalentine23 是否有效
[02-10 04:39:48][INFO] 兑换码 happyvalentine23 格式有效
[02-10 04:39:48][INFO] 开始检查兑换码 sw2023mrp4m 是否有效
[02-10 04:39:56][INFO] 兑换码 sw2023mrp4m 格式有效
[02-10 04:39:56][INFO] 开始检查兑换码 sw2023jae6s 是否有效
[02-10 04:40:03][INFO] 兑换码 sw2023jae6s 格式有效
[02-10 04:40:03][INFO] 开始检查兑换码 lucky777 是否有效
[02-10 04:40:07][INFO] 兑换码 lucky777 格式有效
[02-10 04:40:07][INFO] 开始检查兑换码 s24cunextyear 是否有效
[02-10 04:40:15][INFO] 兑换码 s24cunextyear 格式有效
[02-10 04:40:15][INFO] 开始检查兑换码 marionnettiste 是否有效
[02-10 04:40:24][INFO] 兑换码 marionnettiste 格式有效
[02-10 04:40:24][INFO] 数据已成功写入 Reward_swq.json
[02-10 04:41:12][INFO] 开始检查兑换码 swxdshappy25 是否有效
[02-10 04:41:12][INFO] 兑换码 swxdshappy25 已存在于 Reward.csv 文件中
[02-10 04:41:12][INFO] 开始检查兑换码 sw2024decs9q 是否有效
[02-10 04:41:12][INFO] 兑换码 sw2024decs9q 已存在于 Reward.csv 文件中
[02-10 04:41:12][INFO] 开始检查兑换码 march2023 是否有效
[02-10 04:48:49][INFO] 开始检查兑换码 swxdshappy25 是否有效
[02-10 04:48:49][INFO] 兑换码 swxdshappy25 已存在于 Reward.csv 文件中
[02-10 04:48:49][INFO] 开始检查兑换码 sw2024decs9q 是否有效
[02-10 04:48:49][INFO] 兑换码 sw2024decs9q 已存在于 Reward.csv 文件中
[02-10 04:48:49][INFO] 开始检查兑换码 march2023 是否有效
[02-10 04:48:58][INFO] 兑换码 march2023 格式有效
[02-10 04:48:58][INFO] 开始检查兑换码 happyvalentine23 是否有效
[02-10 04:49:13][INFO] 兑换码 happyvalentine23 格式有效
[02-10 04:49:13][INFO] 开始检查兑换码 tunianzhaohuan 是否有效
[02-10 04:49:28][INFO] 兑换码 tunianzhaohuan 格式有效
[02-10 04:49:28][INFO] 开始检查兑换码 sw2023fev2u 是否有效
[02-10 04:49:32][INFO] 兑换码 sw2023fev2u 格式有效
[02-10 04:49:32][INFO] 开始检查兑换码 happy2023 是否有效
[02-10 04:49:45][INFO] 兑换码 happy2023 格式有效
[02-10 04:49:45][INFO] 开始检查兑换码 merrysamana 是否有效
[02-10 04:49:51][INFO] 兑换码 merrysamana 格式有效
[02-10 04:49:51][INFO] 开始检查兑换码 lastlt23of2022 是否有效
[02-10 04:50:07][INFO] 兑换码 lastlt23of2022 格式有效
[02-10 04:50:07][INFO] 数据已成功写入 Reward_swq.json
[02-10 04:50:38][INFO] 开始检查兑换码 swxdshappy25 是否有效
[02-10 04:50:38][INFO] 兑换码 swxdshappy25 已存在于 Reward.csv 文件中
[02-10 04:50:38][INFO] 开始检查兑换码 sw2024decs9q 是否有效
[02-10 04:50:38][INFO] 兑换码 sw2024decs9q 已存在于 Reward.csv 文件中
[02-10 04:50:38][INFO] 开始检查兑换码 ready4swc23 是否有效
[02-10 04:52:08][INFO] 开始检查兑换码 swxdshappy25 是否有效
[02-10 04:52:08][INFO] 兑换码 swxdshappy25 已存在于 Reward.csv 文件中
[02-10 04:52:08][INFO] 开始检查兑换码 sw2024decs9q 是否有效
[02-10 04:52:08][INFO] 兑换码 sw2024decs9q 已存在于 Reward.csv 文件中
[02-10 04:52:08][INFO] 开始检查兑换码 ready4swc23 是否有效
[02-10 04:54:31][INFO] 开始检查兑换码 swxdshappy25 是否有效
[02-10 04:54:31][INFO] 兑换码 swxdshappy25 已存在于 Reward.csv 文件中
[02-10 04:54:31][INFO] 开始检查兑换码 sw2024decs9q 是否有效
[02-10 04:54:31][INFO] 兑换码 sw2024decs9q 已存在于 Reward.csv 文件中
[02-10 04:54:31][INFO] 开始检查兑换码 ready4swc23 是否有效
[02-10 04:58:06][INFO] 开始检查兑换码 swxdshappy25 是否有效
[02-10 04:58:06][INFO] 兑换码 swxdshappy25 已存在于 Reward.csv 文件中
[02-10 04:58:06][INFO] 开始检查兑换码 sw2024decs9q 是否有效
[02-10 04:58:06][INFO] 兑换码 sw2024decs9q 已存在于 Reward.csv 文件中
[02-10 04:58:07][INFO] 开始检查兑换码 ready4swc23 是否有效
[02-10 04:59:23][INFO] 开始检查兑换码 sankaimenojvsk 是否有效
[02-10 05:00:04][INFO] 开始检查兑换码 sankaimenojvsk 是否有效
[02-10 14:02:47][INFO] 开始检查兑换码 sankaimenojvsk 是否有效
[02-10 14:03:03][INFO] 兑换码 sankaimenojvsk 格式有效
[02-10 14:03:03][INFO] 开始检查兑换码 20jpteamhadare25 是否有效
[02-10 14:03:15][INFO] 兑换码 20jpteamhadare25 格式有效
[02-10 14:03:15][INFO] 开始检查兑换码 nextmar8tokyo 是否有效
[02-10 14:03:26][INFO] 兑换码 nextmar8tokyo 格式有效
[02-10 14:03:26][INFO] 开始检查兑换码 nayasupermatch25 是否有效
[02-10 14:03:40][INFO] 兑换码 nayasupermatch25 格式有效
[02-10 14:03:40][INFO] 开始检查兑换码 sw2025feb3d9 是否有效
[02-10 14:03:51][INFO] 兑换码 sw2025feb3d9 格式有效
[02-10 14:03:51][INFO] 开始检查兑换码 swxdshappy25 是否有效
[02-10 14:03:51][INFO] 兑换码 swxdshappy25 已存在于 Reward.csv 文件中
[02-10 14:03:51][INFO] 开始检查兑换码 ready4swc23 是否有效
[02-10 14:04:00][INFO] 兑换码 ready4swc23 格式有效
[02-10 14:04:00][INFO] 开始检查兑换码 swgenesis284ac 是否有效
[02-10 14:04:10][INFO] 兑换码 swgenesis284ac 格式有效
[02-10 14:04:10][INFO] 开始检查兑换码 tunianzhaohuan 是否有效
[02-10 14:04:16][INFO] 兑换码 tunianzhaohuan 格式有效
[02-10 14:04:16][INFO] 开始检查兑换码 sw2023mrp4m 是否有效
[02-10 14:04:28][INFO] 兑换码 sw2023mrp4m 格式有效
[02-10 14:04:28][INFO] 开始检查兑换码 sw2023jae6s 是否有效
[02-10 14:04:43][INFO] 兑换码 sw2023jae6s 格式有效
[02-10 14:04:43][INFO] 开始检查兑换码 lucky777 是否有效
[02-10 14:04:55][INFO] 兑换码 lucky777 格式有效
[02-10 14:04:55][INFO] 数据已成功写入 Reward_swq.json
[02-20 16:46:33][INFO] 开始检查兑换码 ushoulvebeenswallowednigger 是否有效
[02-20 16:46:45][INFO] 兑换码 ushoulvebeenswallowednigger 不存在
[02-20 16:46:45][INFO] 开始检查兑换码 swelishere 是否有效
[02-20 16:46:57][INFO] 兑换码 swelishere 格式有效
[02-20 16:46:57][INFO] 开始检查兑换码 swxdshappy25 是否有效
[02-20 16:46:57][INFO] 兑换码 swxdshappy25 已存在于 Reward.csv 文件中
[02-20 16:46:57][INFO] 开始检查兑换码 cusoonlt25 是否有效
[02-20 16:47:05][INFO] 兑换码 cusoonlt25 格式有效
[02-20 16:47:05][INFO] 开始检查兑换码 march2023 是否有效
[02-20 16:47:15][INFO] 兑换码 march2023 格式有效
[02-20 16:47:15][INFO] 开始检查兑换码 happyvalentine23 是否有效
[02-20 16:47:19][INFO] 兑换码 happyvalentine23 格式有效
[02-20 16:47:19][INFO] 开始检查兑换码 sw2023mrp4m 是否有效
[02-20 16:47:30][INFO] 兑换码 sw2023mrp4m 格式有效
[02-20 16:47:30][INFO] 开始检查兑换码 sw2023fev2u 是否有效
[02-20 16:47:44][INFO] 兑换码 sw2023fev2u 格式有效
[02-20 16:47:44][INFO] 开始检查兑换码 happy2023 是否有效
[02-20 16:47:53][INFO] 兑换码 happy2023 格式有效
[02-20 16:47:53][INFO] 开始检查兑换码 merrysamana 是否有效
[02-20 16:48:02][INFO] 兑换码 merrysamana 格式有效
[02-20 16:48:02][INFO] 开始检查兑换码 s24cunextyear 是否有效
[02-20 16:48:11][INFO] 兑换码 s24cunextyear 格式有效
[02-20 16:48:11][INFO] 数据已成功写入 Reward_swq.json
[02-20 17:09:11][INFO] 开始更新奖励表
[02-20 17:09:11][INFO] 开始检查兑换码 swelday1 是否有效
[02-20 17:09:18][INFO] 兑换码 swelday1 格式有效
[02-20 17:09:18][INFO] 已添加新的兑换码: swelday1
[02-20 17:09:20][INFO] 企业微信通知发送完成
[02-20 17:09:20][INFO] 开始检查兑换码 swelishere 是否有效
[02-20 17:09:24][INFO] 兑换码 swelishere 格式有效
[02-20 17:09:24][INFO] 已添加新的兑换码: swelishere
[02-20 17:09:26][INFO] 企业微信通知发送完成
[02-20 17:09:26][INFO] 已追加 2 条记录到 Reward.csv
[02-20 17:15:04][INFO] 开始检查兑换码 ushoulvebeenswallowednigger 是否有效
[02-20 17:15:18][INFO] 兑换码 ushoulvebeenswallowednigger 不存在
[02-20 17:15:18][INFO] 开始检查兑换码 sw2025feb3d9 是否有效
[02-20 17:15:31][INFO] 兑换码 sw2025feb3d9 格式有效
[02-20 17:15:31][INFO] 开始检查兑换码 swxdshappy25 是否有效
[02-20 17:15:31][INFO] 兑换码 swxdshappy25 已存在于 Reward.csv 文件中
[02-20 17:15:31][INFO] 开始检查兑换码 ready4swc23 是否有效
[02-20 17:15:35][INFO] 兑换码 ready4swc23 格式有效
[02-20 17:15:35][INFO] 开始检查兑换码 swgenesis284ac 是否有效
[02-20 17:15:41][INFO] 兑换码 swgenesis284ac 格式有效
[02-20 17:15:41][INFO] 开始检查兑换码 tunianzhaohuan 是否有效
[02-20 17:15:54][INFO] 兑换码 tunianzhaohuan 格式有效
[02-20 17:15:54][INFO] 开始检查兑换码 sw2023fev2u 是否有效
[02-20 17:16:00][INFO] 兑换码 sw2023fev2u 格式有效
[02-20 17:16:00][INFO] 开始检查兑换码 sw2023jae6s 是否有效
[02-20 17:16:08][INFO] 兑换码 sw2023jae6s 格式有效
[02-20 17:16:08][INFO] 开始检查兑换码 lucky777 是否有效
[02-20 17:16:18][INFO] 兑换码 lucky777 格式有效
[02-20 17:16:18][INFO] 开始检查兑换码 s24cunextyear 是否有效
[02-20 17:16:26][INFO] 兑换码 s24cunextyear 格式有效
[02-20 17:16:26][INFO] 数据已成功写入 Reward_swq.json
[02-20 17:18:21][INFO] 开始检查兑换码 ushoulvebeenswallowednigger 是否有效
[02-20 17:18:25][INFO] 兑换码 ushoulvebeenswallowednigger 不存在
[02-20 17:18:25][INFO] 开始检查兑换码 sw2025feb3d9 是否有效
[02-20 17:18:31][INFO] 兑换码 sw2025feb3d9 格式有效
[02-20 17:18:31][INFO] 开始检查兑换码 swxdshappy25 是否有效
[02-20 17:18:31][INFO] 兑换码 swxdshappy25 已存在于 Reward.csv 文件中
[02-20 17:18:31][INFO] 开始检查兑换码 cusoonlt25 是否有效
[02-20 17:18:40][INFO] 兑换码 cusoonlt25 格式有效
[02-20 17:18:40][INFO] 开始检查兑换码 march2023 是否有效
[02-20 17:18:51][INFO] 兑换码 march2023 格式有效
[02-20 17:18:51][INFO] 开始检查兑换码 happyvalentine23 是否有效
[02-20 17:18:58][INFO] 兑换码 happyvalentine23 格式有效
[02-20 17:18:58][INFO] 开始检查兑换码 sw2023mrp4m 是否有效
[02-20 17:19:13][INFO] 兑换码 sw2023mrp4m 格式有效
[02-20 17:19:13][INFO] 开始检查兑换码 sw2023jae6s 是否有效
[02-20 17:19:17][INFO] 兑换码 sw2023jae6s 格式有效
[02-20 17:19:17][INFO] 开始检查兑换码 happy2023 是否有效
[02-20 17:19:29][INFO] 兑换码 happy2023 格式有效
[02-20 17:19:29][INFO] 开始检查兑换码 merrysamana 是否有效
[02-20 17:19:33][INFO] 开始检查兑换码 swelday1 是否有效
[02-20 17:19:33][INFO] 兑换码 swelday1 已存在于 Reward.csv 文件中
[02-20 17:19:33][INFO] 开始检查兑换码 swxdshappy25 是否有效
[02-20 17:19:33][INFO] 兑换码 swxdshappy25 已存在于 Reward.csv 文件中
[02-20 17:19:33][INFO] 开始检查兑换码 cusoonlt25 是否有效
[02-20 17:19:39][INFO] 兑换码 merrysamana 格式有效
[02-20 17:19:39][INFO] 数据已成功写入 Reward_swq.json
[02-20 17:19:44][INFO] 兑换码 cusoonlt25 格式有效
[02-20 17:19:44][INFO] 开始检查兑换码 march2023 是否有效
[02-20 17:19:50][INFO] 兑换码 march2023 格式有效
[02-20 17:19:50][INFO] 开始检查兑换码 happyvalentine23 是否有效
[02-20 17:20:00][INFO] 兑换码 happyvalentine23 格式有效
[02-20 17:20:00][INFO] 开始检查兑换码 sw2023mrp4m 是否有效
[02-20 17:20:09][INFO] 兑换码 sw2023mrp4m 格式有效
[02-20 17:20:09][INFO] 开始检查兑换码 sw2023jae6s 是否有效
[02-20 17:20:17][INFO] 兑换码 sw2023jae6s 格式有效
[02-20 17:20:17][INFO] 开始检查兑换码 happy2023 是否有效
[02-20 17:20:30][INFO] 兑换码 happy2023 格式有效
[02-20 17:20:30][INFO] 开始检查兑换码 merrysamana 是否有效
[02-20 17:20:36][INFO] 兑换码 merrysamana 格式有效
[02-20 17:20:36][INFO] 开始检查兑换码 lastlt23of2022 是否有效
[02-20 17:20:46][INFO] 兑换码 lastlt23of2022 格式有效
[02-20 17:20:46][INFO] 数据已成功写入 Reward_swq.json
[02-20 21:33:11][INFO] 开始检查兑换码 swelday1 是否有效
[02-20 21:33:11][INFO] 兑换码 swelday1 已存在于 Reward.csv 文件中
[02-20 21:33:11][INFO] 开始检查兑换码 swxdshappy25 是否有效
[02-20 21:33:11][INFO] 兑换码 swxdshappy25 已存在于 Reward.csv 文件中
[02-20 21:33:11][INFO] 开始检查兑换码 ready4swc23 是否有效
[02-20 21:33:23][INFO] 兑换码 ready4swc23 格式有效
[02-20 21:33:23][INFO] 开始检查兑换码 swgenesis284ac 是否有效
[02-20 21:33:37][INFO] 兑换码 swgenesis284ac 格式有效
[02-20 21:33:37][INFO] 开始检查兑换码 tunianzhaohuan 是否有效
[02-20 21:33:41][INFO] 兑换码 tunianzhaohuan 格式有效
[02-20 21:33:41][INFO] 开始检查兑换码 sw2023fev2u 是否有效
[02-20 21:33:54][INFO] 兑换码 sw2023fev2u 格式有效
[02-20 21:33:54][INFO] 开始检查兑换码 happy2023 是否有效
[02-20 21:34:07][INFO] 兑换码 happy2023 格式有效
[02-20 21:34:07][INFO] 开始检查兑换码 lucky777 是否有效
[02-20 21:34:22][INFO] 兑换码 lucky777 格式有效
[02-20 21:34:22][INFO] 开始检查兑换码 s24cunextyear 是否有效
[02-20 21:34:38][INFO] 开始检查兑换码 swelday1 是否有效
[02-20 21:34:38][INFO] 兑换码 swelday1 已存在于 Reward.csv 文件中
[02-20 21:34:38][INFO] 开始检查兑换码 swxdshappy25 是否有效
[02-20 21:34:38][INFO] 兑换码 swxdshappy25 已存在于 Reward.csv 文件中
[02-20 21:34:38][INFO] 开始检查兑换码 ready4swc23 是否有效
[02-22 18:24:47][INFO] 开始更新奖励表
[02-22 18:24:47][INFO] 开始检查兑换码 sw2025feb3d9 是否有效
[02-22 18:24:56][INFO] 兑换码 sw2025feb3d9 格式有效
[02-22 18:24:56][INFO] 已添加新的兑换码: sw2025feb3d9
[02-22 18:24:58][INFO] 企业微信通知发送完成
[02-22 18:24:58][INFO] 已追加 1 条记录到 Reward.csv
[02-22 18:24:58][INFO] 开始检查兑换码 c2uday2inv 是否有效
[02-22 18:25:02][INFO] 兑换码 c2uday2inv 格式有效
[02-22 18:25:38][INFO] 开始更新奖励表
[02-22 18:25:38][INFO] 开始检查兑换码 c2uday2inv 是否有效
[02-22 18:25:48][INFO] 兑换码 c2uday2inv 格式有效
[02-22 18:33:32][INFO] 开始更新奖励表
[02-22 18:33:32][INFO] 开始检查兑换码 sw2025feb3d9 是否有效
[02-22 18:33:32][INFO] 兑换码 sw2025feb3d9 已存在于 Reward.csv 文件中
[02-22 18:33:32][INFO] 开始检查兑换码 sw2025jan6a8 是否有效
[02-22 18:33:32][INFO] 兑换码 sw2025jan6a8 已存在于 Reward.csv 文件中
[02-22 18:33:32][INFO] 开始检查兑换码 cusoonlt25 是否有效
[02-22 18:33:45][INFO] 兑换码 cusoonlt25 已过期
[02-22 18:33:45][INFO] 已删除过期的兑换码: cusoonlt25
[02-22 18:33:45][INFO] 开始检查兑换码 march2023 是否有效
[02-22 18:33:51][INFO] 兑换码 march2023 已过期
[02-22 18:33:51][INFO] 已删除过期的兑换码: march2023
[02-22 18:33:51][INFO] 开始检查兑换码 happyvalentine23 是否有效
[02-22 18:34:04][INFO] 兑换码 happyvalentine23 已过期
[02-22 18:34:04][INFO] 已删除过期的兑换码: happyvalentine23
[02-22 18:34:04][INFO] 开始检查兑换码 sw2023mrp4m 是否有效
[02-22 18:34:12][INFO] 兑换码 sw2023mrp4m 已过期
[02-22 18:34:12][INFO] 已删除过期的兑换码: sw2023mrp4m
[02-22 18:34:12][INFO] 开始检查兑换码 sw2023jae6s 是否有效
[02-22 18:34:19][INFO] 兑换码 sw2023jae6s 已过期
[02-22 18:34:19][INFO] 已删除过期的兑换码: sw2023jae6s
[02-22 18:34:19][INFO] 开始检查兑换码 happy2023 是否有效
[02-22 18:34:29][INFO] 兑换码 happy2023 已过期
[02-22 18:34:29][INFO] 已删除过期的兑换码: happy2023
[02-22 18:34:29][INFO] 开始检查兑换码 merrysamana 是否有效
[02-22 18:34:37][INFO] 兑换码 merrysamana 已过期
[02-22 18:34:37][INFO] 已删除过期的兑换码: merrysamana
[02-22 18:34:37][INFO] 开始检查兑换码 lastlt23of2022 是否有效
[02-22 18:34:46][INFO] 兑换码 lastlt23of2022 已过期
[02-22 18:34:46][INFO] 已删除过期的兑换码: lastlt23of2022
[02-22 18:36:31][INFO] 开始更新奖励表
[02-22 18:36:31][INFO] 开始检查兑换码 sw2025feb3d9 是否有效
[02-22 18:36:31][INFO] 兑换码 sw2025feb3d9 已存在于 Reward.csv 文件中
[02-22 18:36:31][INFO] 开始检查兑换码 sw2025jan6a8 是否有效
[02-22 18:36:31][INFO] 兑换码 sw2025jan6a8 已存在于 Reward.csv 文件中
[02-22 18:36:31][INFO] 开始检查兑换码 cusoonlt25 是否有效
[02-22 18:36:43][INFO] 兑换码 cusoonlt25 已过期
[02-22 18:36:43][INFO] 已删除失效的兑换码: cusoonlt25
[02-22 18:36:43][INFO] 开始检查兑换码 march2023 是否有效
[02-22 18:36:55][INFO] 兑换码 march2023 已过期
[02-22 18:36:55][INFO] 已删除失效的兑换码: march2023
[02-22 18:36:55][INFO] 开始检查兑换码 happyvalentine23 是否有效
[02-22 18:36:59][INFO] 兑换码 happyvalentine23 已过期
[02-22 18:36:59][INFO] 已删除失效的兑换码: happyvalentine23
[02-22 18:36:59][INFO] 开始检查兑换码 sw2023mrp4m 是否有效
[02-22 18:37:05][INFO] 兑换码 sw2023mrp4m 已过期
[02-22 18:37:05][INFO] 已删除失效的兑换码: sw2023mrp4m
[02-22 18:37:05][INFO] 开始检查兑换码 sw2023jae6s 是否有效
[02-22 18:37:20][INFO] 兑换码 sw2023jae6s 已过期
[02-22 18:37:20][INFO] 已删除失效的兑换码: sw2023jae6s
[02-22 18:37:20][INFO] 开始检查兑换码 happy2023 是否有效
[02-22 18:37:35][INFO] 兑换码 happy2023 已过期
[02-22 18:37:35][INFO] 已删除失效的兑换码: happy2023
[02-22 18:37:35][INFO] 开始检查兑换码 merrysamana 是否有效
[02-22 18:37:45][INFO] 兑换码 merrysamana 已过期
[02-22 18:37:45][INFO] 已删除失效的兑换码: merrysamana
[02-22 18:37:45][INFO] 开始检查兑换码 lastlt23of2022 是否有效
[02-22 18:37:54][INFO] 兑换码 lastlt23of2022 已过期
[02-22 18:37:54][INFO] 已删除失效的兑换码: lastlt23of2022
[02-23 09:20:05][INFO] 开始更新奖励表
[02-23 09:20:05][INFO] 开始检查兑换码 sw2025feb3d9 是否有效
[02-23 09:20:05][INFO] 兑换码 sw2025feb3d9 已存在于 Reward.csv 文件中
[02-23 09:20:05][INFO] 开始检查兑换码 sw2025jan6a8 是否有效
[02-23 09:20:05][INFO] 兑换码 sw2025jan6a8 已存在于 Reward.csv 文件中
[02-23 09:20:05][INFO] 开始检查兑换码 cusoonlt25 是否有效
[02-23 09:20:14][INFO] 兑换码 cusoonlt25 已过期
[02-23 09:20:14][INFO] 已删除失效的兑换码: cusoonlt25
[02-23 09:20:14][INFO] 开始检查兑换码 march2023 是否有效
[02-23 09:20:24][INFO] 兑换码 march2023 已过期
[02-23 09:20:24][INFO] 已删除失效的兑换码: march2023
[02-23 09:20:24][INFO] 开始检查兑换码 happyvalentine23 是否有效
[02-23 09:20:34][INFO] 兑换码 happyvalentine23 已过期
[02-23 09:20:34][INFO] 已删除失效的兑换码: happyvalentine23
[02-23 09:20:34][INFO] 开始检查兑换码 sw2023mrp4m 是否有效
[02-23 09:20:37][INFO] 兑换码 sw2023mrp4m 已过期
[02-23 09:20:37][INFO] 已删除失效的兑换码: sw2023mrp4m
[02-23 09:20:37][INFO] 开始检查兑换码 sw2023jae6s 是否有效
[02-23 09:20:45][INFO] 兑换码 sw2023jae6s 已过期
[02-23 09:20:45][INFO] 已删除失效的兑换码: sw2023jae6s
[02-23 09:20:45][INFO] 开始检查兑换码 happy2023 是否有效
[02-23 09:20:55][INFO] 兑换码 happy2023 已过期
[02-23 09:20:55][INFO] 已删除失效的兑换码: happy2023
[02-23 09:20:55][INFO] 开始检查兑换码 merrysamana 是否有效
[02-23 09:21:06][INFO] 兑换码 merrysamana 已过期
[02-23 09:21:06][INFO] 已删除失效的兑换码: merrysamana
[02-23 09:21:06][INFO] 开始检查兑换码 lastlt23of2022 是否有效
[02-23 09:21:16][INFO] 兑换码 lastlt23of2022 已过期
[02-23 09:21:16][INFO] 已删除失效的兑换码: lastlt23of2022
[02-23 09:24:54][INFO] 开始更新奖励表
[02-23 09:24:54][INFO] 开始检查兑换码 sw2025feb3d9 是否有效
[02-23 09:24:54][INFO] 兑换码 sw2025feb3d9 已存在于 Reward.csv 文件中
[02-23 09:24:54][INFO] 开始检查兑换码 sw2025jan6a8 是否有效
[02-23 09:24:54][INFO] 兑换码 sw2025jan6a8 已存在于 Reward.csv 文件中
[02-23 09:24:54][INFO] 开始检查兑换码 cusoonlt25 是否有效
[02-23 09:25:07][INFO] 兑换码 cusoonlt25 已过期
[02-23 09:25:07][INFO] 已删除失效的兑换码: cusoonlt25
[02-23 09:25:07][INFO] 开始检查兑换码 march2023 是否有效
[02-23 09:25:16][INFO] 兑换码 march2023 已过期
[02-23 09:25:16][INFO] 已删除失效的兑换码: march2023
[02-23 09:25:16][INFO] 开始检查兑换码 happyvalentine23 是否有效
[02-23 09:25:28][INFO] 兑换码 happyvalentine23 已过期
[02-23 09:25:28][INFO] 已删除失效的兑换码: happyvalentine23
[02-23 09:25:28][INFO] 开始检查兑换码 sw2023mrp4m 是否有效
[02-23 09:25:34][INFO] 兑换码 sw2023mrp4m 已过期
[02-23 09:25:34][INFO] 已删除失效的兑换码: sw2023mrp4m
[02-23 09:25:34][INFO] 开始检查兑换码 sw2023jae6s 是否有效
[02-23 09:25:46][INFO] 兑换码 sw2023jae6s 已过期
[02-23 09:25:46][INFO] 已删除失效的兑换码: sw2023jae6s
[02-23 09:25:46][INFO] 开始检查兑换码 happy2023 是否有效
[02-23 09:26:00][INFO] 兑换码 happy2023 已过期
[02-23 09:26:00][INFO] 已删除失效的兑换码: happy2023
[02-23 09:26:00][INFO] 开始检查兑换码 merrysamana 是否有效
[02-23 09:26:09][INFO] 兑换码 merrysamana 已过期
[02-23 09:26:09][INFO] 已删除失效的兑换码: merrysamana
[02-23 09:26:09][INFO] 开始检查兑换码 lastlt23of2022 是否有效
[02-23 09:26:19][INFO] 兑换码 lastlt23of2022 已过期
[02-23 09:26:19][INFO] 已删除失效的兑换码: lastlt23of2022
[02-23 09:31:41][INFO] 开始更新奖励表
[02-23 09:31:41][INFO] 开始检查兑换码 sw2025feb3d9 是否有效
[02-23 09:31:41][INFO] 兑换码 sw2025feb3d9 已存在于 Reward.csv 文件中
[02-23 09:31:41][INFO] 开始检查兑换码 sw2025jan6a8 是否有效
[02-23 09:31:41][INFO] 兑换码 sw2025jan6a8 已存在于 Reward.csv 文件中
[02-23 09:31:41][INFO] 开始检查兑换码 cusoonlt25 是否有效
[02-23 09:31:53][INFO] 兑换码 cusoonlt25 已过期
[02-23 09:31:53][INFO] 已删除失效的兑换码: cusoonlt25
[02-23 09:31:53][INFO] 开始检查兑换码 march2023 是否有效
[02-23 09:32:07][INFO] 兑换码 march2023 已过期
[02-23 09:32:07][INFO] 已删除失效的兑换码: march2023
[02-23 09:32:07][INFO] 开始检查兑换码 happyvalentine23 是否有效
[02-23 09:32:13][INFO] 兑换码 happyvalentine23 已过期
[02-23 09:32:13][INFO] 已删除失效的兑换码: happyvalentine23
[02-23 09:32:13][INFO] 开始检查兑换码 sw2023mrp4m 是否有效
[02-23 09:32:20][INFO] 兑换码 sw2023mrp4m 已过期
[02-23 09:32:20][INFO] 已删除失效的兑换码: sw2023mrp4m
[02-23 09:32:20][INFO] 开始检查兑换码 sw2023jae6s 是否有效
[02-23 09:32:34][INFO] 兑换码 sw2023jae6s 已过期
[02-23 09:32:34][INFO] 已删除失效的兑换码: sw2023jae6s
[02-23 09:32:34][INFO] 开始检查兑换码 happy2023 是否有效
[02-23 09:32:39][INFO] 兑换码 happy2023 已过期
[02-23 09:32:39][INFO] 已删除失效的兑换码: happy2023
[02-23 09:32:39][INFO] 开始检查兑换码 merrysamana 是否有效
[02-23 09:32:47][INFO] 兑换码 merrysamana 已过期
[02-23 09:32:47][INFO] 已删除失效的兑换码: merrysamana
[02-23 09:32:47][INFO] 开始检查兑换码 lastlt23of2022 是否有效
[02-23 09:32:52][INFO] 兑换码 lastlt23of2022 已过期
[02-23 09:32:52][INFO] 已删除失效的兑换码: lastlt23of2022
[02-23 09:32:52][INFO] 开始检查兑换码 sw2025feb3d9 是否有效
[02-23 09:32:52][INFO] 兑换码 sw2025feb3d9 已存在于 Reward.csv 文件中
[02-23 09:32:52][INFO] 开始检查兑换码 devnote2025dscollab 是否有效
[02-23 09:32:52][INFO] 兑换码 devnote2025dscollab 已存在于 Reward.csv 文件中
[02-23 09:32:52][INFO] 开始检查兑换码 sankaimenojvsk 是否有效
[02-23 09:32:52][INFO] 兑换码 sankaimenojvsk 已存在于 Reward.csv 文件中
[02-23 09:32:52][INFO] 开始检查兑换码 20jpteamhadare25 是否有效
[02-23 09:32:52][INFO] 兑换码 20jpteamhadare25 已存在于 Reward.csv 文件中
[02-23 09:32:52][INFO] 开始检查兑换码 nextmar8tokyo 是否有效
[02-23 09:32:52][INFO] 兑换码 nextmar8tokyo 已存在于 Reward.csv 文件中
[02-23 09:32:52][INFO] 开始检查兑换码 nayasupermatch25 是否有效
[02-23 09:32:52][INFO] 兑换码 nayasupermatch25 已存在于 Reward.csv 文件中
[02-23 09:32:52][INFO] 开始检查兑换码 swxdshappy25 是否有效
[02-23 09:32:52][INFO] 兑换码 swxdshappy25 已存在于 Reward.csv 文件中
[02-23 09:32:52][INFO] 开始检查兑换码 sw2025jan6a8 是否有效
[02-23 09:32:52][INFO] 兑换码 sw2025jan6a8 已存在于 Reward.csv 文件中
[02-23 09:32:52][INFO] 开始检查兑换码 sankaimenojvsk 是否有效
[02-23 09:32:52][INFO] 兑换码 sankaimenojvsk 已存在于 Reward.csv 文件中
[02-23 09:32:52][INFO] 开始检查兑换码 2025GHLSKAISHI 是否有效
[02-23 09:32:52][INFO] 兑换码 2025GHLSKAISHI 已存在于 Reward.csv 文件中
[02-23 09:32:52][INFO] 开始检查兑换码 swelday1 是否有效
[02-23 09:32:52][INFO] 兑换码 swelday1 已存在于 Reward.csv 文件中
[02-23 09:32:52][INFO] 开始检查兑换码 swelishere 是否有效
[02-23 09:32:52][INFO] 兑换码 swelishere 已存在于 Reward.csv 文件中
[02-23 09:32:52][INFO] 开始检查兑换码 c2uday2inv 是否有效
[02-23 09:32:52][INFO] 兑换码 c2uday2inv 已存在于 Reward.csv 文件中
[02-23 09:32:52][INFO] 已清除过期的兑换码
[02-23 09:34:12][INFO] 开始更新奖励表
[02-23 09:34:12][INFO] 开始检查兑换码 sw2025feb3d9 是否有效
[02-23 09:34:12][INFO] 兑换码 sw2025feb3d9 已存在于 Reward.csv 文件中
[02-23 09:34:12][INFO] 开始检查兑换码 sw2025jan6a8 是否有效
[02-23 09:34:12][INFO] 兑换码 sw2025jan6a8 已存在于 Reward.csv 文件中
[02-23 09:34:12][INFO] 开始检查兑换码 cusoonlt25 是否有效
[02-23 09:34:16][INFO] 兑换码 cusoonlt25 已过期
[02-23 09:34:16][INFO] 已删除失效的兑换码: cusoonlt25
[02-23 09:34:16][INFO] 开始检查兑换码 march2023 是否有效
[02-23 09:34:25][INFO] 兑换码 march2023 已过期
[02-23 09:34:25][INFO] 已删除失效的兑换码: march2023
[02-23 09:34:25][INFO] 开始检查兑换码 happyvalentine23 是否有效
[02-23 09:34:30][INFO] 兑换码 happyvalentine23 已过期
[02-23 09:34:30][INFO] 已删除失效的兑换码: happyvalentine23
[02-23 09:34:30][INFO] 开始检查兑换码 sw2023mrp4m 是否有效
[02-23 09:34:40][INFO] 兑换码 sw2023mrp4m 已过期
[02-23 09:34:40][INFO] 已删除失效的兑换码: sw2023mrp4m
[02-23 09:34:40][INFO] 开始检查兑换码 sw2023jae6s 是否有效
[02-23 09:34:47][INFO] 兑换码 sw2023jae6s 已过期
[02-23 09:34:47][INFO] 已删除失效的兑换码: sw2023jae6s
[02-23 09:34:47][INFO] 开始检查兑换码 happy2023 是否有效
[02-23 09:34:59][INFO] 兑换码 happy2023 已过期
[02-23 09:34:59][INFO] 已删除失效的兑换码: happy2023
[02-23 09:34:59][INFO] 开始检查兑换码 merrysamana 是否有效
[02-23 09:35:08][INFO] 兑换码 merrysamana 已过期
[02-23 09:35:08][INFO] 已删除失效的兑换码: merrysamana
[02-23 09:35:08][INFO] 开始检查兑换码 lastlt23of2022 是否有效
[02-23 09:35:22][INFO] 兑换码 lastlt23of2022 已过期
[02-23 09:35:22][INFO] 已删除失效的兑换码: lastlt23of2022
[02-23 09:35:22][INFO] 更新奖励表完成
[02-23 09:35:22][INFO] 开始清除过期兑换码
[02-23 09:35:22][INFO] 开始检查兑换码 sw2025feb3d9 是否有效
[02-23 09:35:22][INFO] 兑换码 sw2025feb3d9 已存在于 Reward.csv 文件中
[02-23 09:35:22][INFO] 开始检查兑换码 devnote2025dscollab 是否有效
[02-23 09:35:22][INFO] 兑换码 devnote2025dscollab 已存在于 Reward.csv 文件中
[02-23 09:35:22][INFO] 开始检查兑换码 sankaimenojvsk 是否有效
[02-23 09:35:22][INFO] 兑换码 sankaimenojvsk 已存在于 Reward.csv 文件中
[02-23 09:35:22][INFO] 开始检查兑换码 20jpteamhadare25 是否有效
[02-23 09:35:22][INFO] 兑换码 20jpteamhadare25 已存在于 Reward.csv 文件中
[02-23 09:35:22][INFO] 开始检查兑换码 nextmar8tokyo 是否有效
[02-23 09:35:22][INFO] 兑换码 nextmar8tokyo 已存在于 Reward.csv 文件中
[02-23 09:35:22][INFO] 开始检查兑换码 nayasupermatch25 是否有效
[02-23 09:35:22][INFO] 兑换码 nayasupermatch25 已存在于 Reward.csv 文件中
[02-23 09:35:22][INFO] 开始检查兑换码 swxdshappy25 是否有效
[02-23 09:35:22][INFO] 兑换码 swxdshappy25 已存在于 Reward.csv 文件中
[02-23 09:35:22][INFO] 开始检查兑换码 sw2025jan6a8 是否有效
[02-23 09:35:22][INFO] 兑换码 sw2025jan6a8 已存在于 Reward.csv 文件中
[02-23 09:35:22][INFO] 开始检查兑换码 sankaimenojvsk 是否有效
[02-23 09:35:22][INFO] 兑换码 sankaimenojvsk 已存在于 Reward.csv 文件中
[02-23 09:35:22][INFO] 开始检查兑换码 2025GHLSKAISHI 是否有效
[02-23 09:35:22][INFO] 兑换码 2025GHLSKAISHI 已存在于 Reward.csv 文件中
[02-23 09:35:22][INFO] 开始检查兑换码 swelday1 是否有效
[02-23 09:35:22][INFO] 兑换码 swelday1 已存在于 Reward.csv 文件中
[02-23 09:35:22][INFO] 开始检查兑换码 swelishere 是否有效
[02-23 09:35:22][INFO] 兑换码 swelishere 已存在于 Reward.csv 文件中
[02-23 09:35:22][INFO] 开始检查兑换码 c2uday2inv 是否有效
[02-23 09:35:22][INFO] 兑换码 c2uday2inv 已存在于 Reward.csv 文件中
[02-23 09:35:22][INFO] 已清除过期的兑换码
[02-23 09:35:22][INFO] 清除过期兑换码完成
[02-23 09:48:42][INFO] 开始更新奖励表
[02-23 09:48:42][INFO] 开始检查兑换码 sw2025feb3d9 是否有效
[02-23 09:48:42][INFO] 兑换码 sw2025feb3d9 已存在于 Reward.csv 文件中
[02-23 09:48:42][INFO] 开始检查兑换码 sw2025jan6a8 是否有效
[02-23 09:48:42][INFO] 兑换码 sw2025jan6a8 已存在于 Reward.csv 文件中
[02-23 09:48:42][INFO] 开始检查兑换码 cusoonlt25 是否有效
[02-23 09:48:56][INFO] 兑换码 cusoonlt25 已过期
[02-23 09:48:56][INFO] 已删除失效的兑换码: cusoonlt25
[02-23 09:48:56][INFO] 开始检查兑换码 march2023 是否有效
[02-23 09:49:08][INFO] 兑换码 march2023 已过期
[02-23 09:49:08][INFO] 已删除失效的兑换码: march2023
[02-23 09:49:08][INFO] 开始检查兑换码 happyvalentine23 是否有效
[02-23 09:49:12][INFO] 兑换码 happyvalentine23 已过期
[02-23 09:49:12][INFO] 已删除失效的兑换码: happyvalentine23
[02-23 09:49:12][INFO] 开始检查兑换码 sw2023mrp4m 是否有效
[02-23 09:49:17][INFO] 兑换码 sw2023mrp4m 已过期
[02-23 09:49:17][INFO] 已删除失效的兑换码: sw2023mrp4m
[02-23 09:49:17][INFO] 开始检查兑换码 sw2023jae6s 是否有效
[02-23 09:49:27][INFO] 兑换码 sw2023jae6s 已过期
[02-23 09:49:27][INFO] 已删除失效的兑换码: sw2023jae6s
[02-23 09:49:27][INFO] 开始检查兑换码 happy2023 是否有效
[02-23 09:49:37][INFO] 兑换码 happy2023 已过期
[02-23 09:49:37][INFO] 已删除失效的兑换码: happy2023
[02-23 09:49:37][INFO] 开始检查兑换码 merrysamana 是否有效
[02-23 09:49:51][INFO] 兑换码 merrysamana 已过期
[02-23 09:49:51][INFO] 已删除失效的兑换码: merrysamana
[02-23 09:49:51][INFO] 开始检查兑换码 lastlt23of2022 是否有效
[02-23 09:49:56][INFO] 兑换码 lastlt23of2022 已过期
[02-23 09:49:56][INFO] 已删除失效的兑换码: lastlt23of2022
[02-23 09:49:56][INFO] 更新奖励表完成
[02-23 09:49:56][INFO] 开始清除过期兑换码
[02-23 09:50:12][INFO] 兑换码 devnote2025dscollab 已过期
[02-23 09:50:31][ERROR] 清除过期兑换码时发生错误: HTTPSConnectionPool(host='withhive.me', port=443): Max retries exceeded with url: /313/sankaimenojvsk (Caused by SSLError(SSLEOFError(8, '[SSL: UNEXPECTED_EOF_WHILE_READING] EOF occurred in violation of protocol (_ssl.c:1000)')))
[02-23 09:50:31][INFO] 清除过期兑换码完成
[02-23 09:57:50][INFO] 开始更新奖励表
[02-23 09:57:50][INFO] 开始检查兑换码 sw2025feb3d9 是否有效
[02-23 09:57:50][INFO] 兑换码 sw2025feb3d9 已存在于 Reward.csv 文件中
[02-23 09:57:50][INFO] 开始检查兑换码 sw2025jan6a8 是否有效
[02-23 09:57:50][INFO] 兑换码 sw2025jan6a8 已存在于 Reward.csv 文件中
[02-23 09:57:50][INFO] 开始检查兑换码 cusoonlt25 是否有效
[02-23 09:57:55][INFO] 兑换码 cusoonlt25 已过期
[02-23 09:57:55][INFO] 已删除失效的兑换码: cusoonlt25
[02-23 09:57:55][INFO] 开始检查兑换码 march2023 是否有效
[02-23 09:58:04][INFO] 兑换码 march2023 已过期
[02-23 09:58:04][INFO] 已删除失效的兑换码: march2023
[02-23 09:58:04][INFO] 开始检查兑换码 happyvalentine23 是否有效
[02-23 09:58:20][INFO] 兑换码 happyvalentine23 已过期
[02-23 09:58:20][INFO] 已删除失效的兑换码: happyvalentine23
[02-23 09:58:20][INFO] 开始检查兑换码 sw2023mrp4m 是否有效
[02-23 09:58:32][INFO] 兑换码 sw2023mrp4m 已过期
[02-23 09:58:32][INFO] 已删除失效的兑换码: sw2023mrp4m
[02-23 09:58:32][INFO] 开始检查兑换码 sw2023jae6s 是否有效
[02-23 09:58:45][INFO] 兑换码 sw2023jae6s 已过期
[02-23 09:58:45][INFO] 已删除失效的兑换码: sw2023jae6s
[02-23 09:58:45][INFO] 开始检查兑换码 happy2023 是否有效
[02-23 09:58:54][INFO] 兑换码 happy2023 已过期
[02-23 09:58:54][INFO] 已删除失效的兑换码: happy2023
[02-23 09:58:54][INFO] 开始检查兑换码 merrysamana 是否有效
[02-23 09:59:06][INFO] 兑换码 merrysamana 已过期
[02-23 09:59:06][INFO] 已删除失效的兑换码: merrysamana
[02-23 09:59:06][INFO] 开始检查兑换码 lastlt23of2022 是否有效
[02-23 09:59:20][INFO] 兑换码 lastlt23of2022 已过期
[02-23 09:59:20][INFO] 已删除失效的兑换码: lastlt23of2022
[02-23 09:59:20][INFO] 更新奖励表完成
[02-23 09:59:20][INFO] 开始清除过期兑换码
[02-23 09:59:20][INFO] 开始读取 Reward.csv 文件
[02-23 09:59:20][INFO] 成功读取 Reward.csv 文件，共 13 行
[02-23 09:59:20][INFO] df['redeem'] 列的数据类型: object
[02-23 09:59:28][INFO] 请求 https://withhive.me/313/sw2025feb3d9 成功，状态码: 200
[02-23 09:59:28][INFO] 兑换码 sw2025feb3d9 未过期，返回信息: 
<!DOCTYPE html>
<html lang="en">
<head>
<meta charset="utf-8" />
<meta name="viewport" content="width=device-width, initial-scale=1.0, maximum-scale=1.0, minimum-scale=1.0, user-scalable=no" />
<meta name="format-detection" content="telephone=no" />
    <meta property="og:title" content="Summoners War" />
    <meta property="og:type" content="website">
    <meta property="og:image" content="https://hive-fn.qpyou.cn/hubweb/hive_img/A/A/1317/20151210/85e21cbd184bd8f5371c77dbe923e8ac.jpg" />
    <meta property="og:url" content="http://withhive.me/313/sw2025feb3d9" />
    <meta property="og:description" content="Install the game and tap on the link." />
<title> Hive </title>
<link rel="stylesheet" href="https://hive-fn.qpyou.cn/hivepromotion/dp/css/download_ios.css?v=2024_1114_1900" type="text/css" />
<link rel="apple-touch-icon" sizes="57x57" href="https://hive-fn.qpyou.cn/hubweb/hub/hubweb/favicon/v3/apple-icon-57x57.png">
<link rel="apple-touch-icon" sizes="60x60" href="https://hive-fn.qpyou.cn/hubweb/hub/hubweb/favicon/v3/apple-icon-60x60.png">
<link rel="apple-touch-icon" sizes="72x72" href="https://hive-fn.qpyou.cn/hubweb/hub/hubweb/favicon/v3/apple-icon-72x72.png">
<link rel="apple-touch-icon" sizes="76x76" href="https://hive-fn.qpyou.cn/hubweb/hub/hubweb/favicon/v3/apple-icon-76x76.png">
<link rel="apple-touch-icon" sizes="114x114" href="https://hive-fn.qpyou.cn/hubweb/hub/hubweb/favicon/v3/apple-icon-114x114.png">
<link rel="apple-touch-icon" sizes="120x120" href="https://hive-fn.qpyou.cn/hubweb/hub/hubweb/favicon/v3/apple-icon-120x120.png">
<link rel="apple-touch-icon" sizes="144x144" href="https://hive-fn.qpyou.cn/hubweb/hub/hubweb/favicon/v3/apple-icon-144x144.png">
<link rel="apple-touch-icon" sizes="152x152" href="https://hive-fn.qpyou.cn/hubweb/hub/hubweb/favicon/v3/apple-icon-152x152.png">
<link rel="apple-touch-icon" sizes="180x180" href="https://hive-fn.qpyou.cn/hubweb/hub/hubweb/favicon/v3/apple-icon-180x180.png">
<link rel="icon" type="image/png" sizes="192x192" href="https://hive-fn.qpyou.cn/hubweb/hub/hubweb/favicon/v3/android-icon-192x192.png">
<link rel="icon" type="image/png" sizes="32x32" href="https://hive-fn.qpyou.cn/hubweb/hub/hubweb/favicon/v3/favicon-32x32.png">
<link rel="icon" type="image/png" sizes="96x96" href="https://hive-fn.qpyou.cn/hubweb/hub/hubweb/favicon/v3/favicon-96x96.png">
<link rel="icon" type="image/png" sizes="16x16" href="https://hive-fn.qpyou.cn/hubweb/hub/hubweb/favicon/v3/favicon-16x16.png">
<link rel="manifest" href="https://hive-fn.qpyou.cn/hubweb/hub/hubweb/favicon/v3/manifest.json">
<meta name="msapplication-config" content="https://hive-fn.qpyou.cn/hubweb/hub/hubweb/favicon/v3/browserconfig.xml">
<meta name="msapplication-TileColor" content="#ffffff">
<meta name="msapplication-TileImage" content="https://hive-fn.qpyou.cn/hubweb/hub/hubweb/favicon/v3/ms-icon-144x144.png">
<meta name="theme-color" content="#ffffff">
</head>

<body>
<div id="UEwrap">
	<input type="hidden" id="url" name="url" value='{"deeplink_url":"com.com2us.smon.normal.freefull.apple.kr.ios.universal:\/\/mercuryCoupon?sw2025feb3d9","market_url":"https:\/\/m.withhive.com\/b?i=8117&g=8114&gc=8481"}' />
	
	<div class="notice">
		<h1>Wait!</h1>
				<p>PLEASE install the game<br/>first before tapping<br/>on the [Collect Reward] Link.</p>
			</div>
	<a href="#" target="_blank" class="download" id="gdownload">Download</a>
	<div class="footer">&copy; Com2uS Platform Corp.</div> <!-- #14630 -->
</div>
</body>
</html>
<script type='text/javascript'>
var gData = JSON.parse(document.getElementById('url').value);

document.getElementById('gdownload').addEventListener("click", function() {
    location.href = gData.market_url;
});
location.href = gData.deeplink_url;
</script>
[02-23 09:59:32][INFO] 请求 https://withhive.me/313/devnote2025dscollab 成功，状态码: 200
[02-23 09:59:32][INFO] 兑换码 devnote2025dscollab 已过期，返回信息: 
<!DOCTYPE html>
<html lang="en">
<head>
<meta charset="utf-8" />
<meta name="viewport" content="width=device-width, initial-scale=1.0, maximum-scale=1.0, minimum-scale=1.0, user-scalable=no" />
<meta name="format-detection" content="telephone=no" />
    <meta property="og:title" content="Summoners War" />
    <meta property="og:type" content="website">
    <meta property="og:image" content="https://hive-fn.qpyou.cn/hubweb/hive_img/A/A/1317/20151210/85e21cbd184bd8f5371c77dbe923e8ac.jpg" />
    <meta property="og:url" content="http://withhive.me/313/devnote2025dscollab" />
    <meta property="og:description" content="Install the game and tap on the link." />
<title> Hive </title>
<!--<link rel="stylesheet" href="--><!--" type="text/css" />-->
<link rel="stylesheet" href="https://hive-fn.qpyou.cn/hivepromotion/dp/css/common.css?v=2024_1114_1900" type="text/css">
<link rel="stylesheet" href="https://hive-fn.qpyou.cn/hivepromotion/dp/css/promotion_ue.css?v=2024_1114_1900" type="text/css">
<link rel="apple-touch-icon" sizes="57x57" href="https://hive-fn.qpyou.cn/hubweb/hub/hubweb/favicon/v3/apple-icon-57x57.png">
<link rel="apple-touch-icon" sizes="60x60" href="https://hive-fn.qpyou.cn/hubweb/hub/hubweb/favicon/v3/apple-icon-60x60.png">
<link rel="apple-touch-icon" sizes="72x72" href="https://hive-fn.qpyou.cn/hubweb/hub/hubweb/favicon/v3/apple-icon-72x72.png">
<link rel="apple-touch-icon" sizes="76x76" href="https://hive-fn.qpyou.cn/hubweb/hub/hubweb/favicon/v3/apple-icon-76x76.png">
<link rel="apple-touch-icon" sizes="114x114" href="https://hive-fn.qpyou.cn/hubweb/hub/hubweb/favicon/v3/apple-icon-114x114.png">
<link rel="apple-touch-icon" sizes="120x120" href="https://hive-fn.qpyou.cn/hubweb/hub/hubweb/favicon/v3/apple-icon-120x120.png">
<link rel="apple-touch-icon" sizes="144x144" href="https://hive-fn.qpyou.cn/hubweb/hub/hubweb/favicon/v3/apple-icon-144x144.png">
<link rel="apple-touch-icon" sizes="152x152" href="https://hive-fn.qpyou.cn/hubweb/hub/hubweb/favicon/v3/apple-icon-152x152.png">
<link rel="apple-touch-icon" sizes="180x180" href="https://hive-fn.qpyou.cn/hubweb/hub/hubweb/favicon/v3/apple-icon-180x180.png">
<link rel="icon" type="image/png" sizes="192x192" href="https://hive-fn.qpyou.cn/hubweb/hub/hubweb/favicon/v3/android-icon-192x192.png">
<link rel="icon" type="image/png" sizes="32x32" href="https://hive-fn.qpyou.cn/hubweb/hub/hubweb/favicon/v3/favicon-32x32.png">
<link rel="icon" type="image/png" sizes="96x96" href="https://hive-fn.qpyou.cn/hubweb/hub/hubweb/favicon/v3/favicon-96x96.png">
<link rel="icon" type="image/png" sizes="16x16" href="https://hive-fn.qpyou.cn/hubweb/hub/hubweb/favicon/v3/favicon-16x16.png">
<link rel="manifest" href="https://hive-fn.qpyou.cn/hubweb/hub/hubweb/favicon/v3/manifest.json">
<meta name="msapplication-config" content="https://hive-fn.qpyou.cn/hubweb/hub/hubweb/favicon/v3/browserconfig.xml">
<meta name="msapplication-TileColor" content="#ffffff">
<meta name="msapplication-TileImage" content="https://hive-fn.qpyou.cn/hubweb/hub/hubweb/favicon/v3/ms-icon-144x144.png">
<meta name="theme-color" content="#ffffff">
</head>

<body>
    <div class="pop_wrap promotion_popup tb">
        <div class="tbc">
            <div class="pop_layer">
                <div class="pop_contents">
                    <h1 class="pop_tit">Expired!</h1>
                    <p class="pop_note">
                        This coupon code has been expired.<br /><br />For questions or customer support, please contact our Customer Support.                                            </p>
                </div>
            </div>
        </div>
    </div>
</body>
</html>
[02-23 09:59:46][INFO] 请求 https://withhive.me/313/sankaimenojvsk 成功，状态码: 200
[02-23 09:59:46][INFO] 兑换码 sankaimenojvsk 已过期，返回信息: 
<!DOCTYPE html>
<html lang="en">
<head>
<meta charset="utf-8" />
<meta name="viewport" content="width=device-width, initial-scale=1.0, maximum-scale=1.0, minimum-scale=1.0, user-scalable=no" />
<meta name="format-detection" content="telephone=no" />
    <meta property="og:title" content="Summoners War" />
    <meta property="og:type" content="website">
    <meta property="og:image" content="https://hive-fn.qpyou.cn/hubweb/hive_img/A/A/1317/20151210/85e21cbd184bd8f5371c77dbe923e8ac.jpg" />
    <meta property="og:url" content="http://withhive.me/313/sankaimenojvsk" />
    <meta property="og:description" content="Install the game and tap on the link." />
<title> Hive </title>
<!--<link rel="stylesheet" href="--><!--" type="text/css" />-->
<link rel="stylesheet" href="https://hive-fn.qpyou.cn/hivepromotion/dp/css/common.css?v=2024_1114_1900" type="text/css">
<link rel="stylesheet" href="https://hive-fn.qpyou.cn/hivepromotion/dp/css/promotion_ue.css?v=2024_1114_1900" type="text/css">
<link rel="apple-touch-icon" sizes="57x57" href="https://hive-fn.qpyou.cn/hubweb/hub/hubweb/favicon/v3/apple-icon-57x57.png">
<link rel="apple-touch-icon" sizes="60x60" href="https://hive-fn.qpyou.cn/hubweb/hub/hubweb/favicon/v3/apple-icon-60x60.png">
<link rel="apple-touch-icon" sizes="72x72" href="https://hive-fn.qpyou.cn/hubweb/hub/hubweb/favicon/v3/apple-icon-72x72.png">
<link rel="apple-touch-icon" sizes="76x76" href="https://hive-fn.qpyou.cn/hubweb/hub/hubweb/favicon/v3/apple-icon-76x76.png">
<link rel="apple-touch-icon" sizes="114x114" href="https://hive-fn.qpyou.cn/hubweb/hub/hubweb/favicon/v3/apple-icon-114x114.png">
<link rel="apple-touch-icon" sizes="120x120" href="https://hive-fn.qpyou.cn/hubweb/hub/hubweb/favicon/v3/apple-icon-120x120.png">
<link rel="apple-touch-icon" sizes="144x144" href="https://hive-fn.qpyou.cn/hubweb/hub/hubweb/favicon/v3/apple-icon-144x144.png">
<link rel="apple-touch-icon" sizes="152x152" href="https://hive-fn.qpyou.cn/hubweb/hub/hubweb/favicon/v3/apple-icon-152x152.png">
<link rel="apple-touch-icon" sizes="180x180" href="https://hive-fn.qpyou.cn/hubweb/hub/hubweb/favicon/v3/apple-icon-180x180.png">
<link rel="icon" type="image/png" sizes="192x192" href="https://hive-fn.qpyou.cn/hubweb/hub/hubweb/favicon/v3/android-icon-192x192.png">
<link rel="icon" type="image/png" sizes="32x32" href="https://hive-fn.qpyou.cn/hubweb/hub/hubweb/favicon/v3/favicon-32x32.png">
<link rel="icon" type="image/png" sizes="96x96" href="https://hive-fn.qpyou.cn/hubweb/hub/hubweb/favicon/v3/favicon-96x96.png">
<link rel="icon" type="image/png" sizes="16x16" href="https://hive-fn.qpyou.cn/hubweb/hub/hubweb/favicon/v3/favicon-16x16.png">
<link rel="manifest" href="https://hive-fn.qpyou.cn/hubweb/hub/hubweb/favicon/v3/manifest.json">
<meta name="msapplication-config" content="https://hive-fn.qpyou.cn/hubweb/hub/hubweb/favicon/v3/browserconfig.xml">
<meta name="msapplication-TileColor" content="#ffffff">
<meta name="msapplication-TileImage" content="https://hive-fn.qpyou.cn/hubweb/hub/hubweb/favicon/v3/ms-icon-144x144.png">
<meta name="theme-color" content="#ffffff">
</head>

<body>
    <div class="pop_wrap promotion_popup tb">
        <div class="tbc">
            <div class="pop_layer">
                <div class="pop_contents">
                    <h1 class="pop_tit">Expired!</h1>
                    <p class="pop_note">
                        This coupon code has been expired.<br /><br />For questions or customer support, please contact our Customer Support.                                            </p>
                </div>
            </div>
        </div>
    </div>
</body>
</html>
[02-23 09:59:58][INFO] 请求 https://withhive.me/313/20jpteamhadare25 成功，状态码: 200
[02-23 09:59:58][INFO] 兑换码 20jpteamhadare25 已过期，返回信息: 
<!DOCTYPE html>
<html lang="en">
<head>
<meta charset="utf-8" />
<meta name="viewport" content="width=device-width, initial-scale=1.0, maximum-scale=1.0, minimum-scale=1.0, user-scalable=no" />
<meta name="format-detection" content="telephone=no" />
    <meta property="og:title" content="Summoners War" />
    <meta property="og:type" content="website">
    <meta property="og:image" content="https://hive-fn.qpyou.cn/hubweb/hive_img/A/A/1317/20151210/85e21cbd184bd8f5371c77dbe923e8ac.jpg" />
    <meta property="og:url" content="http://withhive.me/313/20jpteamhadare25" />
    <meta property="og:description" content="Install the game and tap on the link." />
<title> Hive </title>
<!--<link rel="stylesheet" href="--><!--" type="text/css" />-->
<link rel="stylesheet" href="https://hive-fn.qpyou.cn/hivepromotion/dp/css/common.css?v=2024_1114_1900" type="text/css">
<link rel="stylesheet" href="https://hive-fn.qpyou.cn/hivepromotion/dp/css/promotion_ue.css?v=2024_1114_1900" type="text/css">
<link rel="apple-touch-icon" sizes="57x57" href="https://hive-fn.qpyou.cn/hubweb/hub/hubweb/favicon/v3/apple-icon-57x57.png">
<link rel="apple-touch-icon" sizes="60x60" href="https://hive-fn.qpyou.cn/hubweb/hub/hubweb/favicon/v3/apple-icon-60x60.png">
<link rel="apple-touch-icon" sizes="72x72" href="https://hive-fn.qpyou.cn/hubweb/hub/hubweb/favicon/v3/apple-icon-72x72.png">
<link rel="apple-touch-icon" sizes="76x76" href="https://hive-fn.qpyou.cn/hubweb/hub/hubweb/favicon/v3/apple-icon-76x76.png">
<link rel="apple-touch-icon" sizes="114x114" href="https://hive-fn.qpyou.cn/hubweb/hub/hubweb/favicon/v3/apple-icon-114x114.png">
<link rel="apple-touch-icon" sizes="120x120" href="https://hive-fn.qpyou.cn/hubweb/hub/hubweb/favicon/v3/apple-icon-120x120.png">
<link rel="apple-touch-icon" sizes="144x144" href="https://hive-fn.qpyou.cn/hubweb/hub/hubweb/favicon/v3/apple-icon-144x144.png">
<link rel="apple-touch-icon" sizes="152x152" href="https://hive-fn.qpyou.cn/hubweb/hub/hubweb/favicon/v3/apple-icon-152x152.png">
<link rel="apple-touch-icon" sizes="180x180" href="https://hive-fn.qpyou.cn/hubweb/hub/hubweb/favicon/v3/apple-icon-180x180.png">
<link rel="icon" type="image/png" sizes="192x192" href="https://hive-fn.qpyou.cn/hubweb/hub/hubweb/favicon/v3/android-icon-192x192.png">
<link rel="icon" type="image/png" sizes="32x32" href="https://hive-fn.qpyou.cn/hubweb/hub/hubweb/favicon/v3/favicon-32x32.png">
<link rel="icon" type="image/png" sizes="96x96" href="https://hive-fn.qpyou.cn/hubweb/hub/hubweb/favicon/v3/favicon-96x96.png">
<link rel="icon" type="image/png" sizes="16x16" href="https://hive-fn.qpyou.cn/hubweb/hub/hubweb/favicon/v3/favicon-16x16.png">
<link rel="manifest" href="https://hive-fn.qpyou.cn/hubweb/hub/hubweb/favicon/v3/manifest.json">
<meta name="msapplication-config" content="https://hive-fn.qpyou.cn/hubweb/hub/hubweb/favicon/v3/browserconfig.xml">
<meta name="msapplication-TileColor" content="#ffffff">
<meta name="msapplication-TileImage" content="https://hive-fn.qpyou.cn/hubweb/hub/hubweb/favicon/v3/ms-icon-144x144.png">
<meta name="theme-color" content="#ffffff">
</head>

<body>
    <div class="pop_wrap promotion_popup tb">
        <div class="tbc">
            <div class="pop_layer">
                <div class="pop_contents">
                    <h1 class="pop_tit">Expired!</h1>
                    <p class="pop_note">
                        This coupon code has been expired.<br /><br />For questions or customer support, please contact our Customer Support.                                            </p>
                </div>
            </div>
        </div>
    </div>
</body>
</html>
[02-23 10:00:06][INFO] 请求 https://withhive.me/313/nextmar8tokyo 成功，状态码: 200
[02-23 10:00:06][INFO] 兑换码 nextmar8tokyo 已过期，返回信息: 
<!DOCTYPE html>
<html lang="en">
<head>
<meta charset="utf-8" />
<meta name="viewport" content="width=device-width, initial-scale=1.0, maximum-scale=1.0, minimum-scale=1.0, user-scalable=no" />
<meta name="format-detection" content="telephone=no" />
    <meta property="og:title" content="Summoners War" />
    <meta property="og:type" content="website">
    <meta property="og:image" content="https://hive-fn.qpyou.cn/hubweb/hive_img/A/A/1317/20151210/85e21cbd184bd8f5371c77dbe923e8ac.jpg" />
    <meta property="og:url" content="http://withhive.me/313/nextmar8tokyo" />
    <meta property="og:description" content="Install the game and tap on the link." />
<title> Hive </title>
<!--<link rel="stylesheet" href="--><!--" type="text/css" />-->
<link rel="stylesheet" href="https://hive-fn.qpyou.cn/hivepromotion/dp/css/common.css?v=2024_1114_1900" type="text/css">
<link rel="stylesheet" href="https://hive-fn.qpyou.cn/hivepromotion/dp/css/promotion_ue.css?v=2024_1114_1900" type="text/css">
<link rel="apple-touch-icon" sizes="57x57" href="https://hive-fn.qpyou.cn/hubweb/hub/hubweb/favicon/v3/apple-icon-57x57.png">
<link rel="apple-touch-icon" sizes="60x60" href="https://hive-fn.qpyou.cn/hubweb/hub/hubweb/favicon/v3/apple-icon-60x60.png">
<link rel="apple-touch-icon" sizes="72x72" href="https://hive-fn.qpyou.cn/hubweb/hub/hubweb/favicon/v3/apple-icon-72x72.png">
<link rel="apple-touch-icon" sizes="76x76" href="https://hive-fn.qpyou.cn/hubweb/hub/hubweb/favicon/v3/apple-icon-76x76.png">
<link rel="apple-touch-icon" sizes="114x114" href="https://hive-fn.qpyou.cn/hubweb/hub/hubweb/favicon/v3/apple-icon-114x114.png">
<link rel="apple-touch-icon" sizes="120x120" href="https://hive-fn.qpyou.cn/hubweb/hub/hubweb/favicon/v3/apple-icon-120x120.png">
<link rel="apple-touch-icon" sizes="144x144" href="https://hive-fn.qpyou.cn/hubweb/hub/hubweb/favicon/v3/apple-icon-144x144.png">
<link rel="apple-touch-icon" sizes="152x152" href="https://hive-fn.qpyou.cn/hubweb/hub/hubweb/favicon/v3/apple-icon-152x152.png">
<link rel="apple-touch-icon" sizes="180x180" href="https://hive-fn.qpyou.cn/hubweb/hub/hubweb/favicon/v3/apple-icon-180x180.png">
<link rel="icon" type="image/png" sizes="192x192" href="https://hive-fn.qpyou.cn/hubweb/hub/hubweb/favicon/v3/android-icon-192x192.png">
<link rel="icon" type="image/png" sizes="32x32" href="https://hive-fn.qpyou.cn/hubweb/hub/hubweb/favicon/v3/favicon-32x32.png">
<link rel="icon" type="image/png" sizes="96x96" href="https://hive-fn.qpyou.cn/hubweb/hub/hubweb/favicon/v3/favicon-96x96.png">
<link rel="icon" type="image/png" sizes="16x16" href="https://hive-fn.qpyou.cn/hubweb/hub/hubweb/favicon/v3/favicon-16x16.png">
<link rel="manifest" href="https://hive-fn.qpyou.cn/hubweb/hub/hubweb/favicon/v3/manifest.json">
<meta name="msapplication-config" content="https://hive-fn.qpyou.cn/hubweb/hub/hubweb/favicon/v3/browserconfig.xml">
<meta name="msapplication-TileColor" content="#ffffff">
<meta name="msapplication-TileImage" content="https://hive-fn.qpyou.cn/hubweb/hub/hubweb/favicon/v3/ms-icon-144x144.png">
<meta name="theme-color" content="#ffffff">
</head>

<body>
    <div class="pop_wrap promotion_popup tb">
        <div class="tbc">
            <div class="pop_layer">
                <div class="pop_contents">
                    <h1 class="pop_tit">Expired!</h1>
                    <p class="pop_note">
                        This coupon code has been expired.<br /><br />For questions or customer support, please contact our Customer Support.                                            </p>
                </div>
            </div>
        </div>
    </div>
</body>
</html>
[02-23 10:00:19][INFO] 请求 https://withhive.me/313/nayasupermatch25 成功，状态码: 200
[02-23 10:00:19][INFO] 兑换码 nayasupermatch25 已过期，返回信息: 
<!DOCTYPE html>
<html lang="en">
<head>
<meta charset="utf-8" />
<meta name="viewport" content="width=device-width, initial-scale=1.0, maximum-scale=1.0, minimum-scale=1.0, user-scalable=no" />
<meta name="format-detection" content="telephone=no" />
    <meta property="og:title" content="Summoners War" />
    <meta property="og:type" content="website">
    <meta property="og:image" content="https://hive-fn.qpyou.cn/hubweb/hive_img/A/A/1317/20151210/85e21cbd184bd8f5371c77dbe923e8ac.jpg" />
    <meta property="og:url" content="http://withhive.me/313/nayasupermatch25" />
    <meta property="og:description" content="Install the game and tap on the link." />
<title> Hive </title>
<!--<link rel="stylesheet" href="--><!--" type="text/css" />-->
<link rel="stylesheet" href="https://hive-fn.qpyou.cn/hivepromotion/dp/css/common.css?v=2024_1114_1900" type="text/css">
<link rel="stylesheet" href="https://hive-fn.qpyou.cn/hivepromotion/dp/css/promotion_ue.css?v=2024_1114_1900" type="text/css">
<link rel="apple-touch-icon" sizes="57x57" href="https://hive-fn.qpyou.cn/hubweb/hub/hubweb/favicon/v3/apple-icon-57x57.png">
<link rel="apple-touch-icon" sizes="60x60" href="https://hive-fn.qpyou.cn/hubweb/hub/hubweb/favicon/v3/apple-icon-60x60.png">
<link rel="apple-touch-icon" sizes="72x72" href="https://hive-fn.qpyou.cn/hubweb/hub/hubweb/favicon/v3/apple-icon-72x72.png">
<link rel="apple-touch-icon" sizes="76x76" href="https://hive-fn.qpyou.cn/hubweb/hub/hubweb/favicon/v3/apple-icon-76x76.png">
<link rel="apple-touch-icon" sizes="114x114" href="https://hive-fn.qpyou.cn/hubweb/hub/hubweb/favicon/v3/apple-icon-114x114.png">
<link rel="apple-touch-icon" sizes="120x120" href="https://hive-fn.qpyou.cn/hubweb/hub/hubweb/favicon/v3/apple-icon-120x120.png">
<link rel="apple-touch-icon" sizes="144x144" href="https://hive-fn.qpyou.cn/hubweb/hub/hubweb/favicon/v3/apple-icon-144x144.png">
<link rel="apple-touch-icon" sizes="152x152" href="https://hive-fn.qpyou.cn/hubweb/hub/hubweb/favicon/v3/apple-icon-152x152.png">
<link rel="apple-touch-icon" sizes="180x180" href="https://hive-fn.qpyou.cn/hubweb/hub/hubweb/favicon/v3/apple-icon-180x180.png">
<link rel="icon" type="image/png" sizes="192x192" href="https://hive-fn.qpyou.cn/hubweb/hub/hubweb/favicon/v3/android-icon-192x192.png">
<link rel="icon" type="image/png" sizes="32x32" href="https://hive-fn.qpyou.cn/hubweb/hub/hubweb/favicon/v3/favicon-32x32.png">
<link rel="icon" type="image/png" sizes="96x96" href="https://hive-fn.qpyou.cn/hubweb/hub/hubweb/favicon/v3/favicon-96x96.png">
<link rel="icon" type="image/png" sizes="16x16" href="https://hive-fn.qpyou.cn/hubweb/hub/hubweb/favicon/v3/favicon-16x16.png">
<link rel="manifest" href="https://hive-fn.qpyou.cn/hubweb/hub/hubweb/favicon/v3/manifest.json">
<meta name="msapplication-config" content="https://hive-fn.qpyou.cn/hubweb/hub/hubweb/favicon/v3/browserconfig.xml">
<meta name="msapplication-TileColor" content="#ffffff">
<meta name="msapplication-TileImage" content="https://hive-fn.qpyou.cn/hubweb/hub/hubweb/favicon/v3/ms-icon-144x144.png">
<meta name="theme-color" content="#ffffff">
</head>

<body>
    <div class="pop_wrap promotion_popup tb">
        <div class="tbc">
            <div class="pop_layer">
                <div class="pop_contents">
                    <h1 class="pop_tit">Expired!</h1>
                    <p class="pop_note">
                        This coupon code has been expired.<br /><br />For questions or customer support, please contact our Customer Support.                                            </p>
                </div>
            </div>
        </div>
    </div>
</body>
</html>
[02-23 10:00:24][INFO] 请求 https://withhive.me/313/swxdshappy25 成功，状态码: 200
[02-23 10:00:24][INFO] 兑换码 swxdshappy25 未过期，返回信息: 
<!DOCTYPE html>
<html lang="en">
<head>
<meta charset="utf-8" />
<meta name="viewport" content="width=device-width, initial-scale=1.0, maximum-scale=1.0, minimum-scale=1.0, user-scalable=no" />
<meta name="format-detection" content="telephone=no" />
    <meta property="og:title" content="Summoners War" />
    <meta property="og:type" content="website">
    <meta property="og:image" content="https://hive-fn.qpyou.cn/hubweb/hive_img/A/A/1317/20151210/85e21cbd184bd8f5371c77dbe923e8ac.jpg" />
    <meta property="og:url" content="http://withhive.me/313/swxdshappy25" />
    <meta property="og:description" content="Install the game and tap on the link." />
<title> Hive </title>
<link rel="stylesheet" href="https://hive-fn.qpyou.cn/hivepromotion/dp/css/download_ios.css?v=2024_1114_1900" type="text/css" />
<link rel="apple-touch-icon" sizes="57x57" href="https://hive-fn.qpyou.cn/hubweb/hub/hubweb/favicon/v3/apple-icon-57x57.png">
<link rel="apple-touch-icon" sizes="60x60" href="https://hive-fn.qpyou.cn/hubweb/hub/hubweb/favicon/v3/apple-icon-60x60.png">
<link rel="apple-touch-icon" sizes="72x72" href="https://hive-fn.qpyou.cn/hubweb/hub/hubweb/favicon/v3/apple-icon-72x72.png">
<link rel="apple-touch-icon" sizes="76x76" href="https://hive-fn.qpyou.cn/hubweb/hub/hubweb/favicon/v3/apple-icon-76x76.png">
<link rel="apple-touch-icon" sizes="114x114" href="https://hive-fn.qpyou.cn/hubweb/hub/hubweb/favicon/v3/apple-icon-114x114.png">
<link rel="apple-touch-icon" sizes="120x120" href="https://hive-fn.qpyou.cn/hubweb/hub/hubweb/favicon/v3/apple-icon-120x120.png">
<link rel="apple-touch-icon" sizes="144x144" href="https://hive-fn.qpyou.cn/hubweb/hub/hubweb/favicon/v3/apple-icon-144x144.png">
<link rel="apple-touch-icon" sizes="152x152" href="https://hive-fn.qpyou.cn/hubweb/hub/hubweb/favicon/v3/apple-icon-152x152.png">
<link rel="apple-touch-icon" sizes="180x180" href="https://hive-fn.qpyou.cn/hubweb/hub/hubweb/favicon/v3/apple-icon-180x180.png">
<link rel="icon" type="image/png" sizes="192x192" href="https://hive-fn.qpyou.cn/hubweb/hub/hubweb/favicon/v3/android-icon-192x192.png">
<link rel="icon" type="image/png" sizes="32x32" href="https://hive-fn.qpyou.cn/hubweb/hub/hubweb/favicon/v3/favicon-32x32.png">
<link rel="icon" type="image/png" sizes="96x96" href="https://hive-fn.qpyou.cn/hubweb/hub/hubweb/favicon/v3/favicon-96x96.png">
<link rel="icon" type="image/png" sizes="16x16" href="https://hive-fn.qpyou.cn/hubweb/hub/hubweb/favicon/v3/favicon-16x16.png">
<link rel="manifest" href="https://hive-fn.qpyou.cn/hubweb/hub/hubweb/favicon/v3/manifest.json">
<meta name="msapplication-config" content="https://hive-fn.qpyou.cn/hubweb/hub/hubweb/favicon/v3/browserconfig.xml">
<meta name="msapplication-TileColor" content="#ffffff">
<meta name="msapplication-TileImage" content="https://hive-fn.qpyou.cn/hubweb/hub/hubweb/favicon/v3/ms-icon-144x144.png">
<meta name="theme-color" content="#ffffff">
</head>

<body>
<div id="UEwrap">
	<input type="hidden" id="url" name="url" value='{"deeplink_url":"com.com2us.smon.normal.freefull.apple.kr.ios.universal:\/\/mercuryCoupon?swxdshappy25","market_url":"https:\/\/m.withhive.com\/b?i=8117&g=8114&gc=8481"}' />
	
	<div class="notice">
		<h1>Wait!</h1>
				<p>PLEASE install the game<br/>first before tapping<br/>on the [Collect Reward] Link.</p>
			</div>
	<a href="#" target="_blank" class="download" id="gdownload">Download</a>
	<div class="footer">&copy; Com2uS Platform Corp.</div> <!-- #14630 -->
</div>
</body>
</html>
<script type='text/javascript'>
var gData = JSON.parse(document.getElementById('url').value);

document.getElementById('gdownload').addEventListener("click", function() {
    location.href = gData.market_url;
});
location.href = gData.deeplink_url;
</script>
[02-23 10:00:35][INFO] 请求 https://withhive.me/313/sw2025jan6a8 成功，状态码: 200
[02-23 10:00:35][INFO] 兑换码 sw2025jan6a8 已过期，返回信息: 
<!DOCTYPE html>
<html lang="en">
<head>
<meta charset="utf-8" />
<meta name="viewport" content="width=device-width, initial-scale=1.0, maximum-scale=1.0, minimum-scale=1.0, user-scalable=no" />
<meta name="format-detection" content="telephone=no" />
    <meta property="og:title" content="Summoners War" />
    <meta property="og:type" content="website">
    <meta property="og:image" content="https://hive-fn.qpyou.cn/hubweb/hive_img/A/A/1317/20151210/85e21cbd184bd8f5371c77dbe923e8ac.jpg" />
    <meta property="og:url" content="http://withhive.me/313/sw2025jan6a8" />
    <meta property="og:description" content="Install the game and tap on the link." />
<title> Hive </title>
<!--<link rel="stylesheet" href="--><!--" type="text/css" />-->
<link rel="stylesheet" href="https://hive-fn.qpyou.cn/hivepromotion/dp/css/common.css?v=2024_1114_1900" type="text/css">
<link rel="stylesheet" href="https://hive-fn.qpyou.cn/hivepromotion/dp/css/promotion_ue.css?v=2024_1114_1900" type="text/css">
<link rel="apple-touch-icon" sizes="57x57" href="https://hive-fn.qpyou.cn/hubweb/hub/hubweb/favicon/v3/apple-icon-57x57.png">
<link rel="apple-touch-icon" sizes="60x60" href="https://hive-fn.qpyou.cn/hubweb/hub/hubweb/favicon/v3/apple-icon-60x60.png">
<link rel="apple-touch-icon" sizes="72x72" href="https://hive-fn.qpyou.cn/hubweb/hub/hubweb/favicon/v3/apple-icon-72x72.png">
<link rel="apple-touch-icon" sizes="76x76" href="https://hive-fn.qpyou.cn/hubweb/hub/hubweb/favicon/v3/apple-icon-76x76.png">
<link rel="apple-touch-icon" sizes="114x114" href="https://hive-fn.qpyou.cn/hubweb/hub/hubweb/favicon/v3/apple-icon-114x114.png">
<link rel="apple-touch-icon" sizes="120x120" href="https://hive-fn.qpyou.cn/hubweb/hub/hubweb/favicon/v3/apple-icon-120x120.png">
<link rel="apple-touch-icon" sizes="144x144" href="https://hive-fn.qpyou.cn/hubweb/hub/hubweb/favicon/v3/apple-icon-144x144.png">
<link rel="apple-touch-icon" sizes="152x152" href="https://hive-fn.qpyou.cn/hubweb/hub/hubweb/favicon/v3/apple-icon-152x152.png">
<link rel="apple-touch-icon" sizes="180x180" href="https://hive-fn.qpyou.cn/hubweb/hub/hubweb/favicon/v3/apple-icon-180x180.png">
<link rel="icon" type="image/png" sizes="192x192" href="https://hive-fn.qpyou.cn/hubweb/hub/hubweb/favicon/v3/android-icon-192x192.png">
<link rel="icon" type="image/png" sizes="32x32" href="https://hive-fn.qpyou.cn/hubweb/hub/hubweb/favicon/v3/favicon-32x32.png">
<link rel="icon" type="image/png" sizes="96x96" href="https://hive-fn.qpyou.cn/hubweb/hub/hubweb/favicon/v3/favicon-96x96.png">
<link rel="icon" type="image/png" sizes="16x16" href="https://hive-fn.qpyou.cn/hubweb/hub/hubweb/favicon/v3/favicon-16x16.png">
<link rel="manifest" href="https://hive-fn.qpyou.cn/hubweb/hub/hubweb/favicon/v3/manifest.json">
<meta name="msapplication-config" content="https://hive-fn.qpyou.cn/hubweb/hub/hubweb/favicon/v3/browserconfig.xml">
<meta name="msapplication-TileColor" content="#ffffff">
<meta name="msapplication-TileImage" content="https://hive-fn.qpyou.cn/hubweb/hub/hubweb/favicon/v3/ms-icon-144x144.png">
<meta name="theme-color" content="#ffffff">
</head>

<body>
    <div class="pop_wrap promotion_popup tb">
        <div class="tbc">
            <div class="pop_layer">
                <div class="pop_contents">
                    <h1 class="pop_tit">Expired!</h1>
                    <p class="pop_note">
                        This coupon code has been expired.<br /><br />For questions or customer support, please contact our Customer Support.                                            </p>
                </div>
            </div>
        </div>
    </div>
</body>
</html>
[02-23 10:00:44][INFO] 请求 https://withhive.me/313/sankaimenojvsk 成功，状态码: 200
[02-23 10:00:44][INFO] 兑换码 sankaimenojvsk 已过期，返回信息: 
<!DOCTYPE html>
<html lang="en">
<head>
<meta charset="utf-8" />
<meta name="viewport" content="width=device-width, initial-scale=1.0, maximum-scale=1.0, minimum-scale=1.0, user-scalable=no" />
<meta name="format-detection" content="telephone=no" />
    <meta property="og:title" content="Summoners War" />
    <meta property="og:type" content="website">
    <meta property="og:image" content="https://hive-fn.qpyou.cn/hubweb/hive_img/A/A/1317/20151210/85e21cbd184bd8f5371c77dbe923e8ac.jpg" />
    <meta property="og:url" content="http://withhive.me/313/sankaimenojvsk" />
    <meta property="og:description" content="Install the game and tap on the link." />
<title> Hive </title>
<!--<link rel="stylesheet" href="--><!--" type="text/css" />-->
<link rel="stylesheet" href="https://hive-fn.qpyou.cn/hivepromotion/dp/css/common.css?v=2024_1114_1900" type="text/css">
<link rel="stylesheet" href="https://hive-fn.qpyou.cn/hivepromotion/dp/css/promotion_ue.css?v=2024_1114_1900" type="text/css">
<link rel="apple-touch-icon" sizes="57x57" href="https://hive-fn.qpyou.cn/hubweb/hub/hubweb/favicon/v3/apple-icon-57x57.png">
<link rel="apple-touch-icon" sizes="60x60" href="https://hive-fn.qpyou.cn/hubweb/hub/hubweb/favicon/v3/apple-icon-60x60.png">
<link rel="apple-touch-icon" sizes="72x72" href="https://hive-fn.qpyou.cn/hubweb/hub/hubweb/favicon/v3/apple-icon-72x72.png">
<link rel="apple-touch-icon" sizes="76x76" href="https://hive-fn.qpyou.cn/hubweb/hub/hubweb/favicon/v3/apple-icon-76x76.png">
<link rel="apple-touch-icon" sizes="114x114" href="https://hive-fn.qpyou.cn/hubweb/hub/hubweb/favicon/v3/apple-icon-114x114.png">
<link rel="apple-touch-icon" sizes="120x120" href="https://hive-fn.qpyou.cn/hubweb/hub/hubweb/favicon/v3/apple-icon-120x120.png">
<link rel="apple-touch-icon" sizes="144x144" href="https://hive-fn.qpyou.cn/hubweb/hub/hubweb/favicon/v3/apple-icon-144x144.png">
<link rel="apple-touch-icon" sizes="152x152" href="https://hive-fn.qpyou.cn/hubweb/hub/hubweb/favicon/v3/apple-icon-152x152.png">
<link rel="apple-touch-icon" sizes="180x180" href="https://hive-fn.qpyou.cn/hubweb/hub/hubweb/favicon/v3/apple-icon-180x180.png">
<link rel="icon" type="image/png" sizes="192x192" href="https://hive-fn.qpyou.cn/hubweb/hub/hubweb/favicon/v3/android-icon-192x192.png">
<link rel="icon" type="image/png" sizes="32x32" href="https://hive-fn.qpyou.cn/hubweb/hub/hubweb/favicon/v3/favicon-32x32.png">
<link rel="icon" type="image/png" sizes="96x96" href="https://hive-fn.qpyou.cn/hubweb/hub/hubweb/favicon/v3/favicon-96x96.png">
<link rel="icon" type="image/png" sizes="16x16" href="https://hive-fn.qpyou.cn/hubweb/hub/hubweb/favicon/v3/favicon-16x16.png">
<link rel="manifest" href="https://hive-fn.qpyou.cn/hubweb/hub/hubweb/favicon/v3/manifest.json">
<meta name="msapplication-config" content="https://hive-fn.qpyou.cn/hubweb/hub/hubweb/favicon/v3/browserconfig.xml">
<meta name="msapplication-TileColor" content="#ffffff">
<meta name="msapplication-TileImage" content="https://hive-fn.qpyou.cn/hubweb/hub/hubweb/favicon/v3/ms-icon-144x144.png">
<meta name="theme-color" content="#ffffff">
</head>

<body>
    <div class="pop_wrap promotion_popup tb">
        <div class="tbc">
            <div class="pop_layer">
                <div class="pop_contents">
                    <h1 class="pop_tit">Expired!</h1>
                    <p class="pop_note">
                        This coupon code has been expired.<br /><br />For questions or customer support, please contact our Customer Support.                                            </p>
                </div>
            </div>
        </div>
    </div>
</body>
</html>
[02-23 10:00:52][INFO] 请求 https://withhive.me/313/2025GHLSKAISHI 成功，状态码: 200
[02-23 10:00:52][INFO] 兑换码 2025GHLSKAISHI 已过期，返回信息: 
<!DOCTYPE html>
<html lang="en">
<head>
<meta charset="utf-8" />
<meta name="viewport" content="width=device-width, initial-scale=1.0, maximum-scale=1.0, minimum-scale=1.0, user-scalable=no" />
<meta name="format-detection" content="telephone=no" />
    <meta property="og:title" content="Summoners War" />
    <meta property="og:type" content="website">
    <meta property="og:image" content="https://hive-fn.qpyou.cn/hubweb/hive_img/A/A/1317/20151210/85e21cbd184bd8f5371c77dbe923e8ac.jpg" />
    <meta property="og:url" content="http://withhive.me/313/2025GHLSKAISHI" />
    <meta property="og:description" content="Install the game and tap on the link." />
<title> Hive </title>
<!--<link rel="stylesheet" href="--><!--" type="text/css" />-->
<link rel="stylesheet" href="https://hive-fn.qpyou.cn/hivepromotion/dp/css/common.css?v=2024_1114_1900" type="text/css">
<link rel="stylesheet" href="https://hive-fn.qpyou.cn/hivepromotion/dp/css/promotion_ue.css?v=2024_1114_1900" type="text/css">
<link rel="apple-touch-icon" sizes="57x57" href="https://hive-fn.qpyou.cn/hubweb/hub/hubweb/favicon/v3/apple-icon-57x57.png">
<link rel="apple-touch-icon" sizes="60x60" href="https://hive-fn.qpyou.cn/hubweb/hub/hubweb/favicon/v3/apple-icon-60x60.png">
<link rel="apple-touch-icon" sizes="72x72" href="https://hive-fn.qpyou.cn/hubweb/hub/hubweb/favicon/v3/apple-icon-72x72.png">
<link rel="apple-touch-icon" sizes="76x76" href="https://hive-fn.qpyou.cn/hubweb/hub/hubweb/favicon/v3/apple-icon-76x76.png">
<link rel="apple-touch-icon" sizes="114x114" href="https://hive-fn.qpyou.cn/hubweb/hub/hubweb/favicon/v3/apple-icon-114x114.png">
<link rel="apple-touch-icon" sizes="120x120" href="https://hive-fn.qpyou.cn/hubweb/hub/hubweb/favicon/v3/apple-icon-120x120.png">
<link rel="apple-touch-icon" sizes="144x144" href="https://hive-fn.qpyou.cn/hubweb/hub/hubweb/favicon/v3/apple-icon-144x144.png">
<link rel="apple-touch-icon" sizes="152x152" href="https://hive-fn.qpyou.cn/hubweb/hub/hubweb/favicon/v3/apple-icon-152x152.png">
<link rel="apple-touch-icon" sizes="180x180" href="https://hive-fn.qpyou.cn/hubweb/hub/hubweb/favicon/v3/apple-icon-180x180.png">
<link rel="icon" type="image/png" sizes="192x192" href="https://hive-fn.qpyou.cn/hubweb/hub/hubweb/favicon/v3/android-icon-192x192.png">
<link rel="icon" type="image/png" sizes="32x32" href="https://hive-fn.qpyou.cn/hubweb/hub/hubweb/favicon/v3/favicon-32x32.png">
<link rel="icon" type="image/png" sizes="96x96" href="https://hive-fn.qpyou.cn/hubweb/hub/hubweb/favicon/v3/favicon-96x96.png">
<link rel="icon" type="image/png" sizes="16x16" href="https://hive-fn.qpyou.cn/hubweb/hub/hubweb/favicon/v3/favicon-16x16.png">
<link rel="manifest" href="https://hive-fn.qpyou.cn/hubweb/hub/hubweb/favicon/v3/manifest.json">
<meta name="msapplication-config" content="https://hive-fn.qpyou.cn/hubweb/hub/hubweb/favicon/v3/browserconfig.xml">
<meta name="msapplication-TileColor" content="#ffffff">
<meta name="msapplication-TileImage" content="https://hive-fn.qpyou.cn/hubweb/hub/hubweb/favicon/v3/ms-icon-144x144.png">
<meta name="theme-color" content="#ffffff">
</head>

<body>
    <div class="pop_wrap promotion_popup tb">
        <div class="tbc">
            <div class="pop_layer">
                <div class="pop_contents">
                    <h1 class="pop_tit">Expired!</h1>
                    <p class="pop_note">
                        This coupon code has been expired.<br /><br />For questions or customer support, please contact our Customer Support.                                            </p>
                </div>
            </div>
        </div>
    </div>
</body>
</html>
[02-23 10:01:04][INFO] 请求 https://withhive.me/313/swelday1 成功，状态码: 200
[02-23 10:01:04][INFO] 兑换码 swelday1 已过期，返回信息: 
<!DOCTYPE html>
<html lang="en">
<head>
<meta charset="utf-8" />
<meta name="viewport" content="width=device-width, initial-scale=1.0, maximum-scale=1.0, minimum-scale=1.0, user-scalable=no" />
<meta name="format-detection" content="telephone=no" />
    <meta property="og:title" content="Summoners War" />
    <meta property="og:type" content="website">
    <meta property="og:image" content="https://hive-fn.qpyou.cn/hubweb/hive_img/A/A/1317/20151210/85e21cbd184bd8f5371c77dbe923e8ac.jpg" />
    <meta property="og:url" content="http://withhive.me/313/swelday1" />
    <meta property="og:description" content="Install the game and tap on the link." />
<title> Hive </title>
<!--<link rel="stylesheet" href="--><!--" type="text/css" />-->
<link rel="stylesheet" href="https://hive-fn.qpyou.cn/hivepromotion/dp/css/common.css?v=2024_1114_1900" type="text/css">
<link rel="stylesheet" href="https://hive-fn.qpyou.cn/hivepromotion/dp/css/promotion_ue.css?v=2024_1114_1900" type="text/css">
<link rel="apple-touch-icon" sizes="57x57" href="https://hive-fn.qpyou.cn/hubweb/hub/hubweb/favicon/v3/apple-icon-57x57.png">
<link rel="apple-touch-icon" sizes="60x60" href="https://hive-fn.qpyou.cn/hubweb/hub/hubweb/favicon/v3/apple-icon-60x60.png">
<link rel="apple-touch-icon" sizes="72x72" href="https://hive-fn.qpyou.cn/hubweb/hub/hubweb/favicon/v3/apple-icon-72x72.png">
<link rel="apple-touch-icon" sizes="76x76" href="https://hive-fn.qpyou.cn/hubweb/hub/hubweb/favicon/v3/apple-icon-76x76.png">
<link rel="apple-touch-icon" sizes="114x114" href="https://hive-fn.qpyou.cn/hubweb/hub/hubweb/favicon/v3/apple-icon-114x114.png">
<link rel="apple-touch-icon" sizes="120x120" href="https://hive-fn.qpyou.cn/hubweb/hub/hubweb/favicon/v3/apple-icon-120x120.png">
<link rel="apple-touch-icon" sizes="144x144" href="https://hive-fn.qpyou.cn/hubweb/hub/hubweb/favicon/v3/apple-icon-144x144.png">
<link rel="apple-touch-icon" sizes="152x152" href="https://hive-fn.qpyou.cn/hubweb/hub/hubweb/favicon/v3/apple-icon-152x152.png">
<link rel="apple-touch-icon" sizes="180x180" href="https://hive-fn.qpyou.cn/hubweb/hub/hubweb/favicon/v3/apple-icon-180x180.png">
<link rel="icon" type="image/png" sizes="192x192" href="https://hive-fn.qpyou.cn/hubweb/hub/hubweb/favicon/v3/android-icon-192x192.png">
<link rel="icon" type="image/png" sizes="32x32" href="https://hive-fn.qpyou.cn/hubweb/hub/hubweb/favicon/v3/favicon-32x32.png">
<link rel="icon" type="image/png" sizes="96x96" href="https://hive-fn.qpyou.cn/hubweb/hub/hubweb/favicon/v3/favicon-96x96.png">
<link rel="icon" type="image/png" sizes="16x16" href="https://hive-fn.qpyou.cn/hubweb/hub/hubweb/favicon/v3/favicon-16x16.png">
<link rel="manifest" href="https://hive-fn.qpyou.cn/hubweb/hub/hubweb/favicon/v3/manifest.json">
<meta name="msapplication-config" content="https://hive-fn.qpyou.cn/hubweb/hub/hubweb/favicon/v3/browserconfig.xml">
<meta name="msapplication-TileColor" content="#ffffff">
<meta name="msapplication-TileImage" content="https://hive-fn.qpyou.cn/hubweb/hub/hubweb/favicon/v3/ms-icon-144x144.png">
<meta name="theme-color" content="#ffffff">
</head>

<body>
    <div class="pop_wrap promotion_popup tb">
        <div class="tbc">
            <div class="pop_layer">
                <div class="pop_contents">
                    <h1 class="pop_tit">Expired!</h1>
                    <p class="pop_note">
                        This coupon code has been expired.<br /><br />For questions or customer support, please contact our Customer Support.                                            </p>
                </div>
            </div>
        </div>
    </div>
</body>
</html>
[02-23 10:01:16][INFO] 请求 https://withhive.me/313/swelishere 成功，状态码: 200
[02-23 10:01:16][INFO] 兑换码 swelishere 已过期，返回信息: 
<!DOCTYPE html>
<html lang="en">
<head>
<meta charset="utf-8" />
<meta name="viewport" content="width=device-width, initial-scale=1.0, maximum-scale=1.0, minimum-scale=1.0, user-scalable=no" />
<meta name="format-detection" content="telephone=no" />
    <meta property="og:title" content="Summoners War" />
    <meta property="og:type" content="website">
    <meta property="og:image" content="https://hive-fn.qpyou.cn/hubweb/hive_img/A/A/1317/20151210/85e21cbd184bd8f5371c77dbe923e8ac.jpg" />
    <meta property="og:url" content="http://withhive.me/313/swelishere" />
    <meta property="og:description" content="Install the game and tap on the link." />
<title> Hive </title>
<!--<link rel="stylesheet" href="--><!--" type="text/css" />-->
<link rel="stylesheet" href="https://hive-fn.qpyou.cn/hivepromotion/dp/css/common.css?v=2024_1114_1900" type="text/css">
<link rel="stylesheet" href="https://hive-fn.qpyou.cn/hivepromotion/dp/css/promotion_ue.css?v=2024_1114_1900" type="text/css">
<link rel="apple-touch-icon" sizes="57x57" href="https://hive-fn.qpyou.cn/hubweb/hub/hubweb/favicon/v3/apple-icon-57x57.png">
<link rel="apple-touch-icon" sizes="60x60" href="https://hive-fn.qpyou.cn/hubweb/hub/hubweb/favicon/v3/apple-icon-60x60.png">
<link rel="apple-touch-icon" sizes="72x72" href="https://hive-fn.qpyou.cn/hubweb/hub/hubweb/favicon/v3/apple-icon-72x72.png">
<link rel="apple-touch-icon" sizes="76x76" href="https://hive-fn.qpyou.cn/hubweb/hub/hubweb/favicon/v3/apple-icon-76x76.png">
<link rel="apple-touch-icon" sizes="114x114" href="https://hive-fn.qpyou.cn/hubweb/hub/hubweb/favicon/v3/apple-icon-114x114.png">
<link rel="apple-touch-icon" sizes="120x120" href="https://hive-fn.qpyou.cn/hubweb/hub/hubweb/favicon/v3/apple-icon-120x120.png">
<link rel="apple-touch-icon" sizes="144x144" href="https://hive-fn.qpyou.cn/hubweb/hub/hubweb/favicon/v3/apple-icon-144x144.png">
<link rel="apple-touch-icon" sizes="152x152" href="https://hive-fn.qpyou.cn/hubweb/hub/hubweb/favicon/v3/apple-icon-152x152.png">
<link rel="apple-touch-icon" sizes="180x180" href="https://hive-fn.qpyou.cn/hubweb/hub/hubweb/favicon/v3/apple-icon-180x180.png">
<link rel="icon" type="image/png" sizes="192x192" href="https://hive-fn.qpyou.cn/hubweb/hub/hubweb/favicon/v3/android-icon-192x192.png">
<link rel="icon" type="image/png" sizes="32x32" href="https://hive-fn.qpyou.cn/hubweb/hub/hubweb/favicon/v3/favicon-32x32.png">
<link rel="icon" type="image/png" sizes="96x96" href="https://hive-fn.qpyou.cn/hubweb/hub/hubweb/favicon/v3/favicon-96x96.png">
<link rel="icon" type="image/png" sizes="16x16" href="https://hive-fn.qpyou.cn/hubweb/hub/hubweb/favicon/v3/favicon-16x16.png">
<link rel="manifest" href="https://hive-fn.qpyou.cn/hubweb/hub/hubweb/favicon/v3/manifest.json">
<meta name="msapplication-config" content="https://hive-fn.qpyou.cn/hubweb/hub/hubweb/favicon/v3/browserconfig.xml">
<meta name="msapplication-TileColor" content="#ffffff">
<meta name="msapplication-TileImage" content="https://hive-fn.qpyou.cn/hubweb/hub/hubweb/favicon/v3/ms-icon-144x144.png">
<meta name="theme-color" content="#ffffff">
</head>

<body>
    <div class="pop_wrap promotion_popup tb">
        <div class="tbc">
            <div class="pop_layer">
                <div class="pop_contents">
                    <h1 class="pop_tit">Expired!</h1>
                    <p class="pop_note">
                        This coupon code has been expired.<br /><br />For questions or customer support, please contact our Customer Support.                                            </p>
                </div>
            </div>
        </div>
    </div>
</body>
</html>
[02-23 10:01:22][INFO] 请求 https://withhive.me/313/c2uday2inv 成功，状态码: 200
[02-23 10:01:22][INFO] 兑换码 c2uday2inv 已过期，返回信息: 
<!DOCTYPE html>
<html lang="en">
<head>
<meta charset="utf-8" />
<meta name="viewport" content="width=device-width, initial-scale=1.0, maximum-scale=1.0, minimum-scale=1.0, user-scalable=no" />
<meta name="format-detection" content="telephone=no" />
    <meta property="og:title" content="Summoners War" />
    <meta property="og:type" content="website">
    <meta property="og:image" content="https://hive-fn.qpyou.cn/hubweb/hive_img/A/A/1317/20151210/85e21cbd184bd8f5371c77dbe923e8ac.jpg" />
    <meta property="og:url" content="http://withhive.me/313/c2uday2inv" />
    <meta property="og:description" content="Install the game and tap on the link." />
<title> Hive </title>
<!--<link rel="stylesheet" href="--><!--" type="text/css" />-->
<link rel="stylesheet" href="https://hive-fn.qpyou.cn/hivepromotion/dp/css/common.css?v=2024_1114_1900" type="text/css">
<link rel="stylesheet" href="https://hive-fn.qpyou.cn/hivepromotion/dp/css/promotion_ue.css?v=2024_1114_1900" type="text/css">
<link rel="apple-touch-icon" sizes="57x57" href="https://hive-fn.qpyou.cn/hubweb/hub/hubweb/favicon/v3/apple-icon-57x57.png">
<link rel="apple-touch-icon" sizes="60x60" href="https://hive-fn.qpyou.cn/hubweb/hub/hubweb/favicon/v3/apple-icon-60x60.png">
<link rel="apple-touch-icon" sizes="72x72" href="https://hive-fn.qpyou.cn/hubweb/hub/hubweb/favicon/v3/apple-icon-72x72.png">
<link rel="apple-touch-icon" sizes="76x76" href="https://hive-fn.qpyou.cn/hubweb/hub/hubweb/favicon/v3/apple-icon-76x76.png">
<link rel="apple-touch-icon" sizes="114x114" href="https://hive-fn.qpyou.cn/hubweb/hub/hubweb/favicon/v3/apple-icon-114x114.png">
<link rel="apple-touch-icon" sizes="120x120" href="https://hive-fn.qpyou.cn/hubweb/hub/hubweb/favicon/v3/apple-icon-120x120.png">
<link rel="apple-touch-icon" sizes="144x144" href="https://hive-fn.qpyou.cn/hubweb/hub/hubweb/favicon/v3/apple-icon-144x144.png">
<link rel="apple-touch-icon" sizes="152x152" href="https://hive-fn.qpyou.cn/hubweb/hub/hubweb/favicon/v3/apple-icon-152x152.png">
<link rel="apple-touch-icon" sizes="180x180" href="https://hive-fn.qpyou.cn/hubweb/hub/hubweb/favicon/v3/apple-icon-180x180.png">
<link rel="icon" type="image/png" sizes="192x192" href="https://hive-fn.qpyou.cn/hubweb/hub/hubweb/favicon/v3/android-icon-192x192.png">
<link rel="icon" type="image/png" sizes="32x32" href="https://hive-fn.qpyou.cn/hubweb/hub/hubweb/favicon/v3/favicon-32x32.png">
<link rel="icon" type="image/png" sizes="96x96" href="https://hive-fn.qpyou.cn/hubweb/hub/hubweb/favicon/v3/favicon-96x96.png">
<link rel="icon" type="image/png" sizes="16x16" href="https://hive-fn.qpyou.cn/hubweb/hub/hubweb/favicon/v3/favicon-16x16.png">
<link rel="manifest" href="https://hive-fn.qpyou.cn/hubweb/hub/hubweb/favicon/v3/manifest.json">
<meta name="msapplication-config" content="https://hive-fn.qpyou.cn/hubweb/hub/hubweb/favicon/v3/browserconfig.xml">
<meta name="msapplication-TileColor" content="#ffffff">
<meta name="msapplication-TileImage" content="https://hive-fn.qpyou.cn/hubweb/hub/hubweb/favicon/v3/ms-icon-144x144.png">
<meta name="theme-color" content="#ffffff">
</head>

<body>
    <div class="pop_wrap promotion_popup tb">
        <div class="tbc">
            <div class="pop_layer">
                <div class="pop_contents">
                    <h1 class="pop_tit">Expired!</h1>
                    <p class="pop_note">
                        This coupon code has been expired.<br /><br />For questions or customer support, please contact our Customer Support.                                            </p>
                </div>
            </div>
        </div>
    </div>
</body>
</html>
[02-23 10:01:22][INFO] 开始写入 Reward.csv 文件，共 2 行
[02-23 10:01:22][INFO] 已清除过期的兑换码
[02-23 10:01:22][INFO] 清除过期兑换码完成
